Archive member included to satisfy reference by file (symbol)

c:/st/stm32cubeide_1.5.1/stm32cubeide/plugins/com.st.stm32cube.ide.mcu.externaltools.gnu-tools-for-stm32.7-2018-q2-update.win32_1.5.0.202011040924/tools/bin/../lib/gcc/arm-none-eabi/7.3.1/../../../../arm-none-eabi/lib/thumb/v7e-m/fpv4-sp/hard\libc_nano.a(lib_a-errno.o)
                              Core/Src/syscalls.o (__errno)
c:/st/stm32cubeide_1.5.1/stm32cubeide/plugins/com.st.stm32cube.ide.mcu.externaltools.gnu-tools-for-stm32.7-2018-q2-update.win32_1.5.0.202011040924/tools/bin/../lib/gcc/arm-none-eabi/7.3.1/../../../../arm-none-eabi/lib/thumb/v7e-m/fpv4-sp/hard\libc_nano.a(lib_a-exit.o)
                              c:/st/stm32cubeide_1.5.1/stm32cubeide/plugins/com.st.stm32cube.ide.mcu.externaltools.gnu-tools-for-stm32.7-2018-q2-update.win32_1.5.0.202011040924/tools/bin/../lib/gcc/arm-none-eabi/7.3.1/../../../../arm-none-eabi/lib/thumb/v7e-m/fpv4-sp/hard/crt0.o (exit)
c:/st/stm32cubeide_1.5.1/stm32cubeide/plugins/com.st.stm32cube.ide.mcu.externaltools.gnu-tools-for-stm32.7-2018-q2-update.win32_1.5.0.202011040924/tools/bin/../lib/gcc/arm-none-eabi/7.3.1/../../../../arm-none-eabi/lib/thumb/v7e-m/fpv4-sp/hard\libc_nano.a(lib_a-impure.o)
                              c:/st/stm32cubeide_1.5.1/stm32cubeide/plugins/com.st.stm32cube.ide.mcu.externaltools.gnu-tools-for-stm32.7-2018-q2-update.win32_1.5.0.202011040924/tools/bin/../lib/gcc/arm-none-eabi/7.3.1/../../../../arm-none-eabi/lib/thumb/v7e-m/fpv4-sp/hard\libc_nano.a(lib_a-exit.o) (_global_impure_ptr)
c:/st/stm32cubeide_1.5.1/stm32cubeide/plugins/com.st.stm32cube.ide.mcu.externaltools.gnu-tools-for-stm32.7-2018-q2-update.win32_1.5.0.202011040924/tools/bin/../lib/gcc/arm-none-eabi/7.3.1/../../../../arm-none-eabi/lib/thumb/v7e-m/fpv4-sp/hard\libc_nano.a(lib_a-init.o)
                              c:/st/stm32cubeide_1.5.1/stm32cubeide/plugins/com.st.stm32cube.ide.mcu.externaltools.gnu-tools-for-stm32.7-2018-q2-update.win32_1.5.0.202011040924/tools/bin/../lib/gcc/arm-none-eabi/7.3.1/../../../../arm-none-eabi/lib/thumb/v7e-m/fpv4-sp/hard/crt0.o (__libc_init_array)
c:/st/stm32cubeide_1.5.1/stm32cubeide/plugins/com.st.stm32cube.ide.mcu.externaltools.gnu-tools-for-stm32.7-2018-q2-update.win32_1.5.0.202011040924/tools/bin/../lib/gcc/arm-none-eabi/7.3.1/../../../../arm-none-eabi/lib/thumb/v7e-m/fpv4-sp/hard\libc_nano.a(lib_a-memcpy-stub.o)
                              Middlewares/FreeRTOS/cmsis_os2.o (memcpy)
c:/st/stm32cubeide_1.5.1/stm32cubeide/plugins/com.st.stm32cube.ide.mcu.externaltools.gnu-tools-for-stm32.7-2018-q2-update.win32_1.5.0.202011040924/tools/bin/../lib/gcc/arm-none-eabi/7.3.1/../../../../arm-none-eabi/lib/thumb/v7e-m/fpv4-sp/hard\libc_nano.a(lib_a-memset.o)
                              c:/st/stm32cubeide_1.5.1/stm32cubeide/plugins/com.st.stm32cube.ide.mcu.externaltools.gnu-tools-for-stm32.7-2018-q2-update.win32_1.5.0.202011040924/tools/bin/../lib/gcc/arm-none-eabi/7.3.1/../../../../arm-none-eabi/lib/thumb/v7e-m/fpv4-sp/hard/crt0.o (memset)
c:/st/stm32cubeide_1.5.1/stm32cubeide/plugins/com.st.stm32cube.ide.mcu.externaltools.gnu-tools-for-stm32.7-2018-q2-update.win32_1.5.0.202011040924/tools/bin/../lib/gcc/arm-none-eabi/7.3.1/../../../../arm-none-eabi/lib/thumb/v7e-m/fpv4-sp/hard\libc_nano.a(lib_a-sprintf.o)
                              Core/Src/main.o (sprintf)
c:/st/stm32cubeide_1.5.1/stm32cubeide/plugins/com.st.stm32cube.ide.mcu.externaltools.gnu-tools-for-stm32.7-2018-q2-update.win32_1.5.0.202011040924/tools/bin/../lib/gcc/arm-none-eabi/7.3.1/../../../../arm-none-eabi/lib/thumb/v7e-m/fpv4-sp/hard\libc_nano.a(lib_a-nano-svfprintf.o)
                              c:/st/stm32cubeide_1.5.1/stm32cubeide/plugins/com.st.stm32cube.ide.mcu.externaltools.gnu-tools-for-stm32.7-2018-q2-update.win32_1.5.0.202011040924/tools/bin/../lib/gcc/arm-none-eabi/7.3.1/../../../../arm-none-eabi/lib/thumb/v7e-m/fpv4-sp/hard\libc_nano.a(lib_a-sprintf.o) (_svfprintf_r)
c:/st/stm32cubeide_1.5.1/stm32cubeide/plugins/com.st.stm32cube.ide.mcu.externaltools.gnu-tools-for-stm32.7-2018-q2-update.win32_1.5.0.202011040924/tools/bin/../lib/gcc/arm-none-eabi/7.3.1/../../../../arm-none-eabi/lib/thumb/v7e-m/fpv4-sp/hard\libc_nano.a(lib_a-nano-vfprintf_i.o)
                              c:/st/stm32cubeide_1.5.1/stm32cubeide/plugins/com.st.stm32cube.ide.mcu.externaltools.gnu-tools-for-stm32.7-2018-q2-update.win32_1.5.0.202011040924/tools/bin/../lib/gcc/arm-none-eabi/7.3.1/../../../../arm-none-eabi/lib/thumb/v7e-m/fpv4-sp/hard\libc_nano.a(lib_a-nano-svfprintf.o) (_printf_i)
c:/st/stm32cubeide_1.5.1/stm32cubeide/plugins/com.st.stm32cube.ide.mcu.externaltools.gnu-tools-for-stm32.7-2018-q2-update.win32_1.5.0.202011040924/tools/bin/../lib/gcc/arm-none-eabi/7.3.1/../../../../arm-none-eabi/lib/thumb/v7e-m/fpv4-sp/hard\libc_nano.a(lib_a-memchr.o)
[...]
Memory Configuration

Name             Origin             Length             Attributes
RAM              0x0000000020000000 0x0000000000050000 xrw
FLASH            0x0000000008000000 0x0000000000010000 xr
*default*        0x0000000000000000 0xffffffffffffffff

Linker script and memory map

LOAD c:/st/stm32cubeide_1.5.1/stm32cubeide/plugins/com.st.stm32cube.ide.mcu.externaltools.gnu-tools-for-stm32.7-2018-q2-update.win32_1.5.0.202011040924/tools/bin/../lib/gcc/arm-none-eabi/7.3.1/thumb/v7e-m/fpv4-sp/hard/crti.o
LOAD c:/st/stm32cubeide_1.5.1/stm32cubeide/plugins/com.st.stm32cube.ide.mcu.externaltools.gnu-tools-for-stm32.7-2018-q2-update.win32_1.5.0.202011040924/tools/bin/../lib/gcc/arm-none-eabi/7.3.1/thumb/v7e-m/fpv4-sp/hard/crtbegin.o
LOAD c:/st/stm32cubeide_1.5.1/stm32cubeide/plugins/com.st.stm32cube.ide.mcu.externaltools.gnu-tools-for-stm32.7-2018-q2-update.win32_1.5.0.202011040924/tools/bin/../lib/gcc/arm-none-eabi/7.3.1/../../../../arm-none-eabi/lib/thumb/v7e-m/fpv4-sp/hard/crt0.o
LOAD Core/Src/freertos.o
LOAD Core/Src/main.o
LOAD Core/Src/stm32f7xx_hal_msp.o
LOAD Core/Src/stm32f7xx_hal_timebase_tim.o
LOAD Core/Src/stm32f7xx_it.o
LOAD Core/Src/syscalls.o
LOAD Core/Src/sysmem.o
LOAD Core/Src/system_stm32f7xx.o
LOAD Core/Startup/startup_stm32f750n8hx.o
LOAD Drivers/STM32F7xx_HAL_Driver/stm32f7xx_hal.o
LOAD Drivers/STM32F7xx_HAL_Driver/stm32f7xx_hal_adc.o
LOAD Drivers/STM32F7xx_HAL_Driver/stm32f7xx_hal_adc_ex.o
LOAD Drivers/STM32F7xx_HAL_Driver/stm32f7xx_hal_cortex.o
LOAD Drivers/STM32F7xx_HAL_Driver/stm32f7xx_hal_dac.o
LOAD Drivers/STM32F7xx_HAL_Driver/stm32f7xx_hal_dac_ex.o
LOAD Drivers/STM32F7xx_HAL_Driver/stm32f7xx_hal_dma.o
LOAD Drivers/STM32F7xx_HAL_Driver/stm32f7xx_hal_dma_ex.o
LOAD Drivers/STM32F7xx_HAL_Driver/stm32f7xx_hal_exti.o
LOAD Drivers/STM32F7xx_HAL_Driver/stm32f7xx_hal_flash.o
LOAD Drivers/STM32F7xx_HAL_Driver/stm32f7xx_hal_flash_ex.o
LOAD Drivers/STM32F7xx_HAL_Driver/stm32f7xx_hal_gpio.o
LOAD Drivers/STM32F7xx_HAL_Driver/stm32f7xx_hal_i2c.o
LOAD Drivers/STM32F7xx_HAL_Driver/stm32f7xx_hal_i2c_ex.o
LOAD Drivers/STM32F7xx_HAL_Driver/stm32f7xx_hal_pcd.o
LOAD Drivers/STM32F7xx_HAL_Driver/stm32f7xx_hal_pcd_ex.o
LOAD Drivers/STM32F7xx_HAL_Driver/stm32f7xx_hal_pwr.o
LOAD Drivers/STM32F7xx_HAL_Driver/stm32f7xx_hal_pwr_ex.o
LOAD Drivers/STM32F7xx_HAL_Driver/stm32f7xx_hal_rcc.o
LOAD Drivers/STM32F7xx_HAL_Driver/stm32f7xx_hal_rcc_ex.o
LOAD Drivers/STM32F7xx_HAL_Driver/stm32f7xx_hal_rtc.o
LOAD Drivers/STM32F7xx_HAL_Driver/stm32f7xx_hal_rtc_ex.o
LOAD Drivers/STM32F7xx_HAL_Driver/stm32f7xx_hal_spi.o
LOAD Drivers/STM32F7xx_HAL_Driver/stm32f7xx_hal_spi_ex.o
LOAD Drivers/STM32F7xx_HAL_Driver/stm32f7xx_hal_tim.o
LOAD Drivers/STM32F7xx_HAL_Driver/stm32f7xx_hal_tim_ex.o
LOAD Drivers/STM32F7xx_HAL_Driver/stm32f7xx_hal_uart.o
LOAD Drivers/STM32F7xx_HAL_Driver/stm32f7xx_hal_uart_ex.o
LOAD Drivers/STM32F7xx_HAL_Driver/stm32f7xx_ll_usb.o
LOAD Middlewares/FreeRTOS/cmsis_os2.o
LOAD Middlewares/FreeRTOS/croutine.o
LOAD Middlewares/FreeRTOS/event_groups.o
LOAD Middlewares/FreeRTOS/heap_4.o
LOAD Middlewares/FreeRTOS/list.o
LOAD Middlewares/FreeRTOS/port.o
LOAD Middlewares/FreeRTOS/queue.o
LOAD Middlewares/FreeRTOS/stream_buffer.o
LOAD Middlewares/FreeRTOS/tasks.o
LOAD Middlewares/FreeRTOS/timers.o
START GROUP
LOAD c:/st/stm32cubeide_1.5.1/stm32cubeide/plugins/com.st.stm32cube.ide.mcu.externaltools.gnu-tools-for-stm32.7-2018-q2-update.win32_1.5.0.202011040924/tools/bin/../lib/gcc/arm-none-eabi/7.3.1/../../../../arm-none-eabi/lib/thumb/v7e-m/fpv4-sp/hard\libstdc++_nano.a
LOAD c:/st/stm32cubeide_1.5.1/stm32cubeide/plugins/com.st.stm32cube.ide.mcu.externaltools.gnu-tools-for-stm32.7-2018-q2-update.win32_1.5.0.202011040924/tools/bin/../lib/gcc/arm-none-eabi/7.3.1/../../../../arm-none-eabi/lib/thumb/v7e-m/fpv4-sp/hard\libsupc++_nano.a
END GROUP
LOAD c:/st/stm32cubeide_1.5.1/stm32cubeide/plugins/com.st.stm32cube.ide.mcu.externaltools.gnu-tools-for-stm32.7-2018-q2-update.win32_1.5.0.202011040924/tools/bin/../lib/gcc/arm-none-eabi/7.3.1/../../../../arm-none-eabi/lib/thumb/v7e-m/fpv4-sp/hard\libstdc++_nano.a
LOAD c:/st/stm32cubeide_1.5.1/stm32cubeide/plugins/com.st.stm32cube.ide.mcu.externaltools.gnu-tools-for-stm32.7-2018-q2-update.win32_1.5.0.202011040924/tools/bin/../lib/gcc/arm-none-eabi/7.3.1/../../../../arm-none-eabi/lib/thumb/v7e-m/fpv4-sp/hard\libm.a
LOAD c:/st/stm32cubeide_1.5.1/stm32cubeide/plugins/com.st.stm32cube.ide.mcu.externaltools.gnu-tools-for-stm32.7-2018-q2-update.win32_1.5.0.202011040924/tools/bin/../lib/gcc/arm-none-eabi/7.3.1/../../../../arm-none-eabi/lib/thumb/v7e-m/fpv4-sp/hard\libc_nano.a
START GROUP
LOAD c:/st/stm32cubeide_1.5.1/stm32cubeide/plugins/com.st.stm32cube.ide.mcu.externaltools.gnu-tools-for-stm32.7-2018-q2-update.win32_1.5.0.202011040924/tools/bin/../lib/gcc/arm-none-eabi/7.3.1/thumb/v7e-m/fpv4-sp/hard\libgcc.a
LOAD c:/st/stm32cubeide_1.5.1/stm32cubeide/plugins/com.st.stm32cube.ide.mcu.externaltools.gnu-tools-for-stm32.7-2018-q2-update.win32_1.5.0.202011040924/tools/bin/../lib/gcc/arm-none-eabi/7.3.1/../../../../arm-none-eabi/lib/thumb/v7e-m/fpv4-sp/hard\libc_nano.a
END GROUP
START GROUP
LOAD c:/st/stm32cubeide_1.5.1/stm32cubeide/plugins/com.st.stm32cube.ide.mcu.externaltools.gnu-tools-for-stm32.7-2018-q2-update.win32_1.5.0.202011040924/tools/bin/../lib/gcc/arm-none-eabi/7.3.1/thumb/v7e-m/fpv4-sp/hard\libgcc.a
LOAD c:/st/stm32cubeide_1.5.1/stm32cubeide/plugins/com.st.stm32cube.ide.mcu.externaltools.gnu-tools-for-stm32.7-2018-q2-update.win32_1.5.0.202011040924/tools/bin/../lib/gcc/arm-none-eabi/7.3.1/../../../../arm-none-eabi/lib/thumb/v7e-m/fpv4-sp/hard\libc_nano.a
END GROUP
LOAD c:/st/stm32cubeide_1.5.1/stm32cubeide/plugins/com.st.stm32cube.ide.mcu.externaltools.gnu-tools-for-stm32.7-2018-q2-update.win32_1.5.0.202011040924/tools/bin/../lib/gcc/arm-none-eabi/7.3.1/thumb/v7e-m/fpv4-sp/hard/crtend.o
LOAD c:/st/stm32cubeide_1.5.1/stm32cubeide/plugins/com.st.stm32cube.ide.mcu.externaltools.gnu-tools-for-stm32.7-2018-q2-update.win32_1.5.0.202011040924/tools/bin/../lib/gcc/arm-none-eabi/7.3.1/thumb/v7e-m/fpv4-sp/hard/crtn.o
                0x0000000020050000                _estack = (ORIGIN (RAM) + LENGTH (RAM))
                0x0000000000000200                _Min_Heap_Size = 0x200
                0x0000000000000400                _Min_Stack_Size = 0x400

.isr_vector     0x0000000008000000      0x1c8
                0x0000000008000000                . = ALIGN (0x4)
 *(.isr_vector)
 .isr_vector    0x0000000008000000      0x1c8 Core/Startup/startup_stm32f750n8hx.o
                0x0000000008000000                g_pfnVectors
                0x00000000080001c8                . = ALIGN (0x4)

.text           0x00000000080001d0     0xc430
                0x00000000080001d0                . = ALIGN (0x4)
 *(.text)
 .text          0x00000000080001d0       0x40 c:/st/stm32cubeide_1.5.1/stm32cubeide/plugins/com.st.stm32cube.ide.mcu.externaltools.gnu-tools-for-stm32.7-2018-q2-update.win32_1.5.0.202011040924/tools/bin/../lib/gcc/arm-none-eabi/7.3.1/thumb/v7e-m/fpv4-sp/hard/crtbegin.o
 .text          0x0000000008000210       0xa0 c:/st/stm32cubeide_1.5.1/stm32cubeide/plugins/com.st.stm32cube.ide.mcu.externaltools.gnu-tools-for-stm32.7-2018-q2-update.win32_1.5.0.202011040924/tools/bin/../lib/gcc/arm-none-eabi/7.3.1/../../../../arm-none-eabi/lib/thumb/v7e-m/fpv4-sp/hard\libc_nano.a(lib_a-memchr.o)
                0x0000000008000210                memchr
 .text          0x00000000080002b0       0x30 c:/st/stm32cubeide_1.5.1/stm32cubeide/plugins/com.st.stm32cube.ide.mcu.externaltools.gnu-tools-for-stm32.7-2018-q2-update.win32_1.5.0.202011040924/tools/bin/../lib/gcc/arm-none-eabi/7.3.1/thumb/v7e-m/fpv4-sp/hard\libgcc.a(_aeabi_uldivmod.o)
                0x00000000080002b0                __aeabi_uldivmod
 .text          0x00000000080002e0      0x2cc c:/st/stm32cubeide_1.5.1/stm32cubeide/plugins/com.st.stm32cube.ide.mcu.externaltools.gnu-tools-for-stm32.7-2018-q2-update.win32_1.5.0.202011040924/tools/bin/../lib/gcc/arm-none-eabi/7.3.1/thumb/v7e-m/fpv4-sp/hard\libgcc.a(_udivmoddi4.o)
                0x00000000080002e0                __udivmoddi4
 .text          0x00000000080005ac        0x4 c:/st/stm32cubeide_1.5.1/stm32cubeide/plugins/com.st.stm32cube.ide.mcu.externaltools.gnu-tools-for-stm32.7-2018-q2-update.win32_1.5.0.202011040924/tools/bin/../lib/gcc/arm-none-eabi/7.3.1/thumb/v7e-m/fpv4-sp/hard\libgcc.a(_dvmd_tls.o)
                0x00000000080005ac                __aeabi_idiv0
                0x00000000080005ac                __aeabi_ldiv0
 *(.text*)
 .text.main     0x00000000080005b0      0x368 Core/Src/main.o
                0x00000000080005b0                main
 .text.SystemClock_Config
                0x0000000008000918      0x150 Core/Src/main.o
                0x0000000008000918                SystemClock_Config
 .text.MX_ADC1_Init
                0x0000000008000a68      0x1bc Core/Src/main.o
 .text.MX_ADC2_Init
                0x0000000008000c24       0xf8 Core/Src/main.o
 .text.MX_ADC3_Init
                0x0000000008000d1c      0x130 Core/Src/main.o
 .text.MX_DAC_Init
                0x0000000008000e4c       0x68 Core/Src/main.o
 .text.MX_I2C1_Init
                0x0000000008000eb4       0x80 Core/Src/main.o
 .text.MX_I2C2_Init
                0x0000000008000f34       0x80 Core/Src/main.o
 .text.MX_I2C3_Init
                0x0000000008000fb4       0x80 Core/Src/main.o
 .text.MX_I2C4_Init
                0x0000000008001034       0x80 Core/Src/main.o
 .text.MX_RTC_Init
                0x00000000080010b4       0xb8 Core/Src/main.o
 .text.MX_SPI4_Init
                0x000000000800116c       0x7c Core/Src/main.o
 .text.MX_SPI5_Init
                0x00000000080011e8       0x7c Core/Src/main.o
 .text.MX_TIM4_Init
                0x0000000008001264       0xf0 Core/Src/main.o
 .text.MX_TIM5_Init
                0x0000000008001354      0x104 Core/Src/main.o
 .text.MX_UART4_Init
                0x0000000008001458       0x60 Core/Src/main.o
 .text.MX_UART5_Init
                0x00000000080014b8       0x60 Core/Src/main.o
 .text.MX_UART7_Init
                0x0000000008001518       0x60 Core/Src/main.o
 .text.MX_USB_OTG_FS_PCD_Init
                0x0000000008001578       0x5c Core/Src/main.o
 .text.MX_DMA_Init
                0x00000000080015d4       0x84 Core/Src/main.o
 .text.MX_GPIO_Init
                0x0000000008001658      0x31c Core/Src/main.o
 .text.uartTransmitChar
                0x0000000008001974       0x3c Core/Src/main.o
                0x0000000008001974                uartTransmitChar
 .text.uartTransmitInt
                0x00000000080019b0       0x40 Core/Src/main.o
                0x00000000080019b0                uartTransmitInt
 .text.readI2CRegister
                0x00000000080019f0       0x88 Core/Src/main.o
                0x00000000080019f0                readI2CRegister
 .text.writeI2CRegister
                0x0000000008001a78       0x84 Core/Src/main.o
                0x0000000008001a78                writeI2CRegister
 .text.configureLEDDriver
                0x0000000008001afc      0x10c Core/Src/main.o
                0x0000000008001afc                configureLEDDriver
 .text.setErrorLED
                0x0000000008001c08      0x1ac Core/Src/main.o
                0x0000000008001c08                setErrorLED
 .text.HAL_ADC_ConvCpltCallback
                0x0000000008001db4       0x14 Core/Src/main.o
                0x0000000008001db4                HAL_ADC_ConvCpltCallback
 .text.startHeartbeat
                0x0000000008001dc8       0x20 Core/Src/main.o
                0x0000000008001dc8                startHeartbeat
 .text.startADCRead
                0x0000000008001de8       0x80 Core/Src/main.o
                0x0000000008001de8                startADCRead
 .text.GetDaScreenBlink
                0x0000000008001e68       0x8c Core/Src/main.o
                0x0000000008001e68                GetDaScreenBlink
 .text.HAL_TIM_PeriodElapsedCallback
                0x0000000008001ef4       0x24 Core/Src/main.o
                0x0000000008001ef4                HAL_TIM_PeriodElapsedCallback
 .text.Error_Handler
                0x0000000008001f18        0x8 Core/Src/main.o
                0x0000000008001f18                Error_Handler
 .text.HAL_MspInit
                0x0000000008001f20       0x50 Core/Src/stm32f7xx_hal_msp.o
                0x0000000008001f20                HAL_MspInit
 .text.HAL_ADC_MspInit
                0x0000000008001f70      0x3d8 Core/Src/stm32f7xx_hal_msp.o
                0x0000000008001f70                HAL_ADC_MspInit
 .text.HAL_DAC_MspInit
                0x0000000008002348       0x90 Core/Src/stm32f7xx_hal_msp.o
                0x0000000008002348                HAL_DAC_MspInit
 .text.HAL_I2C_MspInit
                0x00000000080023d8      0x1f4 Core/Src/stm32f7xx_hal_msp.o
                0x00000000080023d8                HAL_I2C_MspInit
 .text.HAL_RTC_MspInit
                0x00000000080025cc       0x34 Core/Src/stm32f7xx_hal_msp.o
                0x00000000080025cc                HAL_RTC_MspInit
 .text.HAL_SPI_MspInit
                0x0000000008002600      0x138 Core/Src/stm32f7xx_hal_msp.o
                0x0000000008002600                HAL_SPI_MspInit
 .text.HAL_TIM_Base_MspInit
                0x0000000008002738       0x68 Core/Src/stm32f7xx_hal_msp.o
                0x0000000008002738                HAL_TIM_Base_MspInit
 .text.HAL_TIM_MspPostInit
                0x00000000080027a0       0xbc Core/Src/stm32f7xx_hal_msp.o
                0x00000000080027a0                HAL_TIM_MspPostInit
 .text.HAL_UART_MspInit
                0x000000000800285c      0x1f4 Core/Src/stm32f7xx_hal_msp.o
                0x000000000800285c                HAL_UART_MspInit
 .text.HAL_PCD_MspInit
                0x0000000008002a50       0x9c Core/Src/stm32f7xx_hal_msp.o
                0x0000000008002a50                HAL_PCD_MspInit
 .text.HAL_InitTick
                0x0000000008002aec       0xac Core/Src/stm32f7xx_hal_timebase_tim.o
                0x0000000008002aec                HAL_InitTick
 .text.NMI_Handler
                0x0000000008002b98        0x6 Core/Src/stm32f7xx_it.o
                0x0000000008002b98                NMI_Handler
 .text.HardFault_Handler
                0x0000000008002b9e        0x6 Core/Src/stm32f7xx_it.o
                0x0000000008002b9e                HardFault_Handler
 .text.MemManage_Handler
                0x0000000008002ba4        0x6 Core/Src/stm32f7xx_it.o
                0x0000000008002ba4                MemManage_Handler
 .text.BusFault_Handler
                0x0000000008002baa        0x6 Core/Src/stm32f7xx_it.o
                0x0000000008002baa                BusFault_Handler
 .text.UsageFault_Handler
                0x0000000008002bb0        0x6 Core/Src/stm32f7xx_it.o
                0x0000000008002bb0                UsageFault_Handler
 .text.DebugMon_Handler
                0x0000000008002bb6        0xe Core/Src/stm32f7xx_it.o
                0x0000000008002bb6                DebugMon_Handler
 .text.DMA1_Stream0_IRQHandler
                0x0000000008002bc4       0x14 Core/Src/stm32f7xx_it.o
                0x0000000008002bc4                DMA1_Stream0_IRQHandler
 .text.ADC_IRQHandler
                0x0000000008002bd8       0x28 Core/Src/stm32f7xx_it.o
                0x0000000008002bd8                ADC_IRQHandler
 .text.TIM6_DAC_IRQHandler
                0x0000000008002c00       0x1c Core/Src/stm32f7xx_it.o
                0x0000000008002c00                TIM6_DAC_IRQHandler
 .text.DMA2_Stream0_IRQHandler
                0x0000000008002c1c       0x28 Core/Src/stm32f7xx_it.o
                0x0000000008002c1c                DMA2_Stream0_IRQHandler
 .text.DMA2_Stream1_IRQHandler
                0x0000000008002c44       0x28 Core/Src/stm32f7xx_it.o
                0x0000000008002c44                DMA2_Stream1_IRQHandler
 .text.DMA2_Stream2_IRQHandler
                0x0000000008002c6c       0x28 Core/Src/stm32f7xx_it.o
                0x0000000008002c6c                DMA2_Stream2_IRQHandler
 .text.SPI4_IRQHandler
                0x0000000008002c94       0x14 Core/Src/stm32f7xx_it.o
                0x0000000008002c94                SPI4_IRQHandler
 .text._sbrk    0x0000000008002ca8       0x6c Core/Src/sysmem.o
                0x0000000008002ca8                _sbrk
 .text.SystemInit
                0x0000000008002d14       0x2c Core/Src/system_stm32f7xx.o
                0x0000000008002d14                SystemInit
 .text.Reset_Handler
                0x0000000008002d40       0x50 Core/Startup/startup_stm32f750n8hx.o
                0x0000000008002d40                Reset_Handler
 .text.Default_Handler
                0x0000000008002d90        0x2 Core/Startup/startup_stm32f750n8hx.o
                0x0000000008002d90                RTC_Alarm_IRQHandler
                0x0000000008002d90                HASH_RNG_IRQHandler
                0x0000000008002d90                EXTI2_IRQHandler
                0x0000000008002d90                TIM8_CC_IRQHandler
                0x0000000008002d90                UART8_IRQHandler
                0x0000000008002d90                TIM1_CC_IRQHandler
                0x0000000008002d90                DMA2_Stream5_IRQHandler
                0x0000000008002d90                DMA1_Stream5_IRQHandler
                0x0000000008002d90                PVD_IRQHandler
                0x0000000008002d90                TAMP_STAMP_IRQHandler
                0x0000000008002d90                CAN2_RX1_IRQHandler
                0x0000000008002d90                EXTI3_IRQHandler
                0x0000000008002d90                TIM8_TRG_COM_TIM14_IRQHandler
                0x0000000008002d90                TIM1_UP_TIM10_IRQHandler
                0x0000000008002d90                TIM8_UP_TIM13_IRQHandler
                0x0000000008002d90                I2C3_ER_IRQHandler
                0x0000000008002d90                EXTI0_IRQHandler
                0x0000000008002d90                I2C2_EV_IRQHandler
                0x0000000008002d90                DMA1_Stream2_IRQHandler
                0x0000000008002d90                CAN1_RX0_IRQHandler
                0x0000000008002d90                FPU_IRQHandler
                0x0000000008002d90                OTG_HS_WKUP_IRQHandler
                0x0000000008002d90                LTDC_ER_IRQHandler
                0x0000000008002d90                CAN2_SCE_IRQHandler
                0x0000000008002d90                SPI1_IRQHandler
                0x0000000008002d90                TIM1_BRK_TIM9_IRQHandler
                0x0000000008002d90                DCMI_IRQHandler
                0x0000000008002d90                CAN2_RX0_IRQHandler
                0x0000000008002d90                DMA2_Stream3_IRQHandler
                0x0000000008002d90                SAI2_IRQHandler
                0x0000000008002d90                USART6_IRQHandler
                0x0000000008002d90                USART3_IRQHandler
                0x0000000008002d90                CRYP_IRQHandler
                0x0000000008002d90                CAN1_RX1_IRQHandler
                0x0000000008002d90                UART5_IRQHandler
                0x0000000008002d90                TIM4_IRQHandler
                0x0000000008002d90                QUADSPI_IRQHandler
                0x0000000008002d90                I2C1_EV_IRQHandler
                0x0000000008002d90                DMA1_Stream6_IRQHandler
                0x0000000008002d90                DMA1_Stream1_IRQHandler
                0x0000000008002d90                UART4_IRQHandler
                0x0000000008002d90                TIM3_IRQHandler
                0x0000000008002d90                RCC_IRQHandler
                0x0000000008002d90                TIM8_BRK_TIM12_IRQHandler
                0x0000000008002d90                Default_Handler
                0x0000000008002d90                CEC_IRQHandler
                0x0000000008002d90                EXTI15_10_IRQHandler
                0x0000000008002d90                DMA1_Stream7_IRQHandler
                0x0000000008002d90                SPI5_IRQHandler
                0x0000000008002d90                TIM7_IRQHandler
                0x0000000008002d90                SDMMC1_IRQHandler
                0x0000000008002d90                CAN2_TX_IRQHandler
                0x0000000008002d90                TIM5_IRQHandler
                0x0000000008002d90                DMA2_Stream7_IRQHandler
                0x0000000008002d90                I2C3_EV_IRQHandler
                0x0000000008002d90                EXTI9_5_IRQHandler
                0x0000000008002d90                RTC_WKUP_IRQHandler
                0x0000000008002d90                LTDC_IRQHandler
                0x0000000008002d90                ETH_WKUP_IRQHandler
                0x0000000008002d90                SPDIF_RX_IRQHandler
                0x0000000008002d90                SPI2_IRQHandler
                0x0000000008002d90                OTG_HS_EP1_IN_IRQHandler
                0x0000000008002d90                CAN1_TX_IRQHandler
                0x0000000008002d90                EXTI4_IRQHandler
                0x0000000008002d90                ETH_IRQHandler
                0x0000000008002d90                OTG_HS_EP1_OUT_IRQHandler
                0x0000000008002d90                WWDG_IRQHandler
                0x0000000008002d90                SPI6_IRQHandler
                0x0000000008002d90                I2C4_EV_IRQHandler
                0x0000000008002d90                TIM2_IRQHandler
                0x0000000008002d90                OTG_FS_WKUP_IRQHandler
                0x0000000008002d90                TIM1_TRG_COM_TIM11_IRQHandler
                0x0000000008002d90                OTG_HS_IRQHandler
                0x0000000008002d90                DMA2D_IRQHandler
                0x0000000008002d90                EXTI1_IRQHandler
                0x0000000008002d90                UART7_IRQHandler
                0x0000000008002d90                USART2_IRQHandler
                0x0000000008002d90                I2C2_ER_IRQHandler
                0x0000000008002d90                CAN1_SCE_IRQHandler
                0x0000000008002d90                FLASH_IRQHandler
                0x0000000008002d90                DMA2_Stream4_IRQHandler
                0x0000000008002d90                USART1_IRQHandler
                0x0000000008002d90                OTG_FS_IRQHandler
                0x0000000008002d90                SPI3_IRQHandler
                0x0000000008002d90                DMA1_Stream4_IRQHandler
                0x0000000008002d90                I2C1_ER_IRQHandler
                0x0000000008002d90                FMC_IRQHandler
                0x0000000008002d90                LPTIM1_IRQHandler
                0x0000000008002d90                I2C4_ER_IRQHandler
                0x0000000008002d90                DMA2_Stream6_IRQHandler
                0x0000000008002d90                SAI1_IRQHandler
                0x0000000008002d90                DMA1_Stream3_IRQHandler
 .text.HAL_Init
                0x0000000008002d92       0x1a Drivers/STM32F7xx_HAL_Driver/stm32f7xx_hal.o
                0x0000000008002d92                HAL_Init
 .text.HAL_IncTick
                0x0000000008002dac       0x28 Drivers/STM32F7xx_HAL_Driver/stm32f7xx_hal.o
                0x0000000008002dac                HAL_IncTick
 .text.HAL_GetTick
                0x0000000008002dd4       0x18 Drivers/STM32F7xx_HAL_Driver/stm32f7xx_hal.o
                0x0000000008002dd4                HAL_GetTick
 .text.HAL_Delay
                0x0000000008002dec       0x44 Drivers/STM32F7xx_HAL_Driver/stm32f7xx_hal.o
                0x0000000008002dec                HAL_Delay
 .text.HAL_ADC_Init
                0x0000000008002e30       0x88 Drivers/STM32F7xx_HAL_Driver/stm32f7xx_hal_adc.o
                0x0000000008002e30                HAL_ADC_Init
 .text.HAL_ADC_IRQHandler
                0x0000000008002eb8      0x282 Drivers/STM32F7xx_HAL_Driver/stm32f7xx_hal_adc.o
                0x0000000008002eb8                HAL_ADC_IRQHandler
 *fill*         0x000000000800313a        0x2 
 .text.HAL_ADC_Start_DMA
                0x000000000800313c      0x1dc Drivers/STM32F7xx_HAL_Driver/stm32f7xx_hal_adc.o
                0x000000000800313c                HAL_ADC_Start_DMA
 .text.HAL_ADC_Stop_DMA
                0x0000000008003318       0x94 Drivers/STM32F7xx_HAL_Driver/stm32f7xx_hal_adc.o
                0x0000000008003318                HAL_ADC_Stop_DMA
 .text.HAL_ADC_ConvHalfCpltCallback
                0x00000000080033ac       0x14 Drivers/STM32F7xx_HAL_Driver/stm32f7xx_hal_adc.o
                0x00000000080033ac                HAL_ADC_ConvHalfCpltCallback
 .text.HAL_ADC_LevelOutOfWindowCallback
                0x00000000080033c0       0x14 Drivers/STM32F7xx_HAL_Driver/stm32f7xx_hal_adc.o
                0x00000000080033c0                HAL_ADC_LevelOutOfWindowCallback
 .text.HAL_ADC_ErrorCallback
                0x00000000080033d4       0x14 Drivers/STM32F7xx_HAL_Driver/stm32f7xx_hal_adc.o
                0x00000000080033d4                HAL_ADC_ErrorCallback
 .text.HAL_ADC_ConfigChannel
                0x00000000080033e8      0x294 Drivers/STM32F7xx_HAL_Driver/stm32f7xx_hal_adc.o
                0x00000000080033e8                HAL_ADC_ConfigChannel
 .text.ADC_Init
                0x000000000800367c      0x1f4 Drivers/STM32F7xx_HAL_Driver/stm32f7xx_hal_adc.o
 .text.ADC_DMAConvCplt
                0x0000000008003870       0xba Drivers/STM32F7xx_HAL_Driver/stm32f7xx_hal_adc.o
 .text.ADC_DMAHalfConvCplt
                0x000000000800392a       0x1c Drivers/STM32F7xx_HAL_Driver/stm32f7xx_hal_adc.o
 .text.ADC_DMAError
                0x0000000008003946       0x2e Drivers/STM32F7xx_HAL_Driver/stm32f7xx_hal_adc.o
 .text.HAL_ADCEx_InjectedConvCpltCallback
                0x0000000008003974       0x14 Drivers/STM32F7xx_HAL_Driver/stm32f7xx_hal_adc_ex.o
                0x0000000008003974                HAL_ADCEx_InjectedConvCpltCallback
 .text.__NVIC_SetPriorityGrouping
                0x0000000008003988       0x48 Drivers/STM32F7xx_HAL_Driver/stm32f7xx_hal_cortex.o
 .text.__NVIC_GetPriorityGrouping
                0x00000000080039d0       0x1c Drivers/STM32F7xx_HAL_Driver/stm32f7xx_hal_cortex.o
 .text.__NVIC_EnableIRQ
                0x00000000080039ec       0x3c Drivers/STM32F7xx_HAL_Driver/stm32f7xx_hal_cortex.o
 .text.__NVIC_SetPriority
                0x0000000008003a28       0x54 Drivers/STM32F7xx_HAL_Driver/stm32f7xx_hal_cortex.o
 .text.NVIC_EncodePriority
                0x0000000008003a7c       0x66 Drivers/STM32F7xx_HAL_Driver/stm32f7xx_hal_cortex.o
 .text.HAL_NVIC_SetPriorityGrouping
                0x0000000008003ae2       0x16 Drivers/STM32F7xx_HAL_Driver/stm32f7xx_hal_cortex.o
                0x0000000008003ae2                HAL_NVIC_SetPriorityGrouping
 .text.HAL_NVIC_SetPriority
                0x0000000008003af8       0x38 Drivers/STM32F7xx_HAL_Driver/stm32f7xx_hal_cortex.o
                0x0000000008003af8                HAL_NVIC_SetPriority
 .text.HAL_NVIC_EnableIRQ
                0x0000000008003b30       0x1c Drivers/STM32F7xx_HAL_Driver/stm32f7xx_hal_cortex.o
                0x0000000008003b30                HAL_NVIC_EnableIRQ
 .text.HAL_DAC_Init
                0x0000000008003b4c       0x44 Drivers/STM32F7xx_HAL_Driver/stm32f7xx_hal_dac.o
                0x0000000008003b4c                HAL_DAC_Init
 .text.HAL_DAC_IRQHandler
                0x0000000008003b90       0x94 Drivers/STM32F7xx_HAL_Driver/stm32f7xx_hal_dac.o
                0x0000000008003b90                HAL_DAC_IRQHandler
 .text.HAL_DAC_DMAUnderrunCallbackCh1
                0x0000000008003c24       0x14 Drivers/STM32F7xx_HAL_Driver/stm32f7xx_hal_dac.o
                0x0000000008003c24                HAL_DAC_DMAUnderrunCallbackCh1
 .text.HAL_DAC_ConfigChannel
                0x0000000008003c38       0x9a Drivers/STM32F7xx_HAL_Driver/stm32f7xx_hal_dac.o
                0x0000000008003c38                HAL_DAC_ConfigChannel
 .text.HAL_DACEx_DMAUnderrunCallbackCh2
                0x0000000008003cd2       0x14 Drivers/STM32F7xx_HAL_Driver/stm32f7xx_hal_dac_ex.o
                0x0000000008003cd2                HAL_DACEx_DMAUnderrunCallbackCh2
 *fill*         0x0000000008003ce6        0x2 
 .text.HAL_DMA_Init
                0x0000000008003ce8      0x15c Drivers/STM32F7xx_HAL_Driver/stm32f7xx_hal_dma.o
                0x0000000008003ce8                HAL_DMA_Init
 .text.HAL_DMA_Start_IT
                0x0000000008003e44       0xc0 Drivers/STM32F7xx_HAL_Driver/stm32f7xx_hal_dma.o
                0x0000000008003e44                HAL_DMA_Start_IT
 .text.HAL_DMA_Abort
                0x0000000008003f04       0xe0 Drivers/STM32F7xx_HAL_Driver/stm32f7xx_hal_dma.o
                0x0000000008003f04                HAL_DMA_Abort
 .text.HAL_DMA_Abort_IT
                0x0000000008003fe4       0x44 Drivers/STM32F7xx_HAL_Driver/stm32f7xx_hal_dma.o
                0x0000000008003fe4                HAL_DMA_Abort_IT
 .text.HAL_DMA_IRQHandler
                0x0000000008004028      0x314 Drivers/STM32F7xx_HAL_Driver/stm32f7xx_hal_dma.o
                0x0000000008004028                HAL_DMA_IRQHandler
 .text.DMA_SetConfig
                0x000000000800433c       0x5c Drivers/STM32F7xx_HAL_Driver/stm32f7xx_hal_dma.o
 .text.DMA_CalcBaseAndBitshift
                0x0000000008004398       0x6c Drivers/STM32F7xx_HAL_Driver/stm32f7xx_hal_dma.o
 .text.DMA_CheckFifoParam
                0x0000000008004404       0xf4 Drivers/STM32F7xx_HAL_Driver/stm32f7xx_hal_dma.o
 .text.HAL_GPIO_Init
                0x00000000080044f8      0x354 Drivers/STM32F7xx_HAL_Driver/stm32f7xx_hal_gpio.o
                0x00000000080044f8                HAL_GPIO_Init
 .text.HAL_GPIO_WritePin
                0x000000000800484c       0x32 Drivers/STM32F7xx_HAL_Driver/stm32f7xx_hal_gpio.o
                0x000000000800484c                HAL_GPIO_WritePin
 .text.HAL_GPIO_TogglePin
                0x000000000800487e       0x34 Drivers/STM32F7xx_HAL_Driver/stm32f7xx_hal_gpio.o
                0x000000000800487e                HAL_GPIO_TogglePin
 *fill*         0x00000000080048b2        0x2 
 .text.HAL_I2C_Init
                0x00000000080048b4      0x120 Drivers/STM32F7xx_HAL_Driver/stm32f7xx_hal_i2c.o
                0x00000000080048b4                HAL_I2C_Init
 .text.HAL_I2C_Master_Transmit
                0x00000000080049d4      0x1e8 Drivers/STM32F7xx_HAL_Driver/stm32f7xx_hal_i2c.o
                0x00000000080049d4                HAL_I2C_Master_Transmit
 .text.HAL_I2C_Master_Receive
                0x0000000008004bbc      0x1ec Drivers/STM32F7xx_HAL_Driver/stm32f7xx_hal_i2c.o
                0x0000000008004bbc                HAL_I2C_Master_Receive
 .text.I2C_Flush_TXDR
                0x0000000008004da8       0x48 Drivers/STM32F7xx_HAL_Driver/stm32f7xx_hal_i2c.o
 .text.I2C_WaitOnFlagUntilTimeout
                0x0000000008004df0       0x80 Drivers/STM32F7xx_HAL_Driver/stm32f7xx_hal_i2c.o
 .text.I2C_WaitOnTXISFlagUntilTimeout
                0x0000000008004e70       0x80 Drivers/STM32F7xx_HAL_Driver/stm32f7xx_hal_i2c.o
 .text.I2C_WaitOnSTOPFlagUntilTimeout
                0x0000000008004ef0       0x78 Drivers/STM32F7xx_HAL_Driver/stm32f7xx_hal_i2c.o
 .text.I2C_WaitOnRXNEFlagUntilTimeout
                0x0000000008004f68       0xd8 Drivers/STM32F7xx_HAL_Driver/stm32f7xx_hal_i2c.o
 .text.I2C_IsAcknowledgeFailed
                0x0000000008005040       0xcc Drivers/STM32F7xx_HAL_Driver/stm32f7xx_hal_i2c.o
 .text.I2C_TransferConfig
                0x000000000800510c       0x5c Drivers/STM32F7xx_HAL_Driver/stm32f7xx_hal_i2c.o
 .text.HAL_I2CEx_ConfigAnalogFilter
                0x0000000008005168       0x96 Drivers/STM32F7xx_HAL_Driver/stm32f7xx_hal_i2c_ex.o
                0x0000000008005168                HAL_I2CEx_ConfigAnalogFilter
 .text.HAL_I2CEx_ConfigDigitalFilter
                0x00000000080051fe       0x98 Drivers/STM32F7xx_HAL_Driver/stm32f7xx_hal_i2c_ex.o
                0x00000000080051fe                HAL_I2CEx_ConfigDigitalFilter
 .text.HAL_PCD_Init
                0x0000000008005296      0x248 Drivers/STM32F7xx_HAL_Driver/stm32f7xx_hal_pcd.o
                0x0000000008005296                HAL_PCD_Init
 *fill*         0x00000000080054de        0x2 
 .text.HAL_PCDEx_ActivateLPM
                0x00000000080054e0       0x48 Drivers/STM32F7xx_HAL_Driver/stm32f7xx_hal_pcd_ex.o
                0x00000000080054e0                HAL_PCDEx_ActivateLPM
 .text.HAL_PWR_EnableBkUpAccess
                0x0000000008005528       0x20 Drivers/STM32F7xx_HAL_Driver/stm32f7xx_hal_pwr.o
                0x0000000008005528                HAL_PWR_EnableBkUpAccess
 .text.HAL_RCC_OscConfig
                0x0000000008005548      0x548 Drivers/STM32F7xx_HAL_Driver/stm32f7xx_hal_rcc.o
                0x0000000008005548                HAL_RCC_OscConfig
 .text.HAL_RCC_ClockConfig
                0x0000000008005a90      0x1d8 Drivers/STM32F7xx_HAL_Driver/stm32f7xx_hal_rcc.o
                0x0000000008005a90                HAL_RCC_ClockConfig
 .text.HAL_RCC_GetSysClockFreq
                0x0000000008005c68      0x164 Drivers/STM32F7xx_HAL_Driver/stm32f7xx_hal_rcc.o
                0x0000000008005c68                HAL_RCC_GetSysClockFreq
 .text.HAL_RCC_GetHCLKFreq
                0x0000000008005dcc       0x18 Drivers/STM32F7xx_HAL_Driver/stm32f7xx_hal_rcc.o
                0x0000000008005dcc                HAL_RCC_GetHCLKFreq
 .text.HAL_RCC_GetPCLK1Freq
                0x0000000008005de4       0x28 Drivers/STM32F7xx_HAL_Driver/stm32f7xx_hal_rcc.o
                0x0000000008005de4                HAL_RCC_GetPCLK1Freq
 .text.HAL_RCC_GetPCLK2Freq
                0x0000000008005e0c       0x28 Drivers/STM32F7xx_HAL_Driver/stm32f7xx_hal_rcc.o
                0x0000000008005e0c                HAL_RCC_GetPCLK2Freq
 .text.HAL_RCC_GetClockConfig
                0x0000000008005e34       0x64 Drivers/STM32F7xx_HAL_Driver/stm32f7xx_hal_rcc.o
                0x0000000008005e34                HAL_RCC_GetClockConfig
 .text.HAL_RCCEx_PeriphCLKConfig
                0x0000000008005e98      0x7dc Drivers/STM32F7xx_HAL_Driver/stm32f7xx_hal_rcc_ex.o
                0x0000000008005e98                HAL_RCCEx_PeriphCLKConfig
 .text.HAL_RTC_Init
                0x0000000008006674       0xf8 Drivers/STM32F7xx_HAL_Driver/stm32f7xx_hal_rtc.o
                0x0000000008006674                HAL_RTC_Init
 .text.HAL_RTC_SetTime
                0x000000000800676c      0x17c Drivers/STM32F7xx_HAL_Driver/stm32f7xx_hal_rtc.o
                0x000000000800676c                HAL_RTC_SetTime
 .text.HAL_RTC_SetDate
                0x00000000080068e8      0x150 Drivers/STM32F7xx_HAL_Driver/stm32f7xx_hal_rtc.o
                0x00000000080068e8                HAL_RTC_SetDate
 .text.HAL_RTC_WaitForSynchro
                0x0000000008006a38       0x50 Drivers/STM32F7xx_HAL_Driver/stm32f7xx_hal_rtc.o
                0x0000000008006a38                HAL_RTC_WaitForSynchro
 .text.RTC_EnterInitMode
                0x0000000008006a88       0x58 Drivers/STM32F7xx_HAL_Driver/stm32f7xx_hal_rtc.o
                0x0000000008006a88                RTC_EnterInitMode
 .text.RTC_ByteToBcd2
                0x0000000008006ae0       0x3c Drivers/STM32F7xx_HAL_Driver/stm32f7xx_hal_rtc.o
                0x0000000008006ae0                RTC_ByteToBcd2
 .text.HAL_SPI_Init
                0x0000000008006b1c      0x124 Drivers/STM32F7xx_HAL_Driver/stm32f7xx_hal_spi.o
                0x0000000008006b1c                HAL_SPI_Init
 .text.HAL_SPI_Transmit
                0x0000000008006c40      0x2cc Drivers/STM32F7xx_HAL_Driver/stm32f7xx_hal_spi.o
                0x0000000008006c40                HAL_SPI_Transmit
 .text.HAL_SPI_IRQHandler
                0x0000000008006f0c      0x200 Drivers/STM32F7xx_HAL_Driver/stm32f7xx_hal_spi.o
                0x0000000008006f0c                HAL_SPI_IRQHandler
 .text.HAL_SPI_ErrorCallback
                0x000000000800710c       0x14 Drivers/STM32F7xx_HAL_Driver/stm32f7xx_hal_spi.o
                0x000000000800710c                HAL_SPI_ErrorCallback
 .text.SPI_DMAAbortOnError
                0x0000000008007120       0x2a Drivers/STM32F7xx_HAL_Driver/stm32f7xx_hal_spi.o
 .text.SPI_WaitFlagStateUntilTimeout
                0x000000000800714a       0xd4 Drivers/STM32F7xx_HAL_Driver/stm32f7xx_hal_spi.o
 .text.SPI_WaitFifoStateUntilTimeout
                0x000000000800721e       0xda Drivers/STM32F7xx_HAL_Driver/stm32f7xx_hal_spi.o
 .text.SPI_EndRxTxTransaction
                0x00000000080072f8       0x8c Drivers/STM32F7xx_HAL_Driver/stm32f7xx_hal_spi.o
 .text.HAL_TIM_Base_Init
                0x0000000008007384       0x56 Drivers/STM32F7xx_HAL_Driver/stm32f7xx_hal_tim.o
                0x0000000008007384                HAL_TIM_Base_Init
 *fill*         0x00000000080073da        0x2 
 .text.HAL_TIM_Base_Start_IT
                0x00000000080073dc       0x54 Drivers/STM32F7xx_HAL_Driver/stm32f7xx_hal_tim.o
                0x00000000080073dc                HAL_TIM_Base_Start_IT
 .text.HAL_TIM_PWM_Init
                0x0000000008007430       0x56 Drivers/STM32F7xx_HAL_Driver/stm32f7xx_hal_tim.o
                0x0000000008007430                HAL_TIM_PWM_Init
 .text.HAL_TIM_PWM_MspInit
                0x0000000008007486       0x14 Drivers/STM32F7xx_HAL_Driver/stm32f7xx_hal_tim.o
                0x0000000008007486                HAL_TIM_PWM_MspInit
 .text.HAL_TIM_IRQHandler
                0x000000000800749a      0x23e Drivers/STM32F7xx_HAL_Driver/stm32f7xx_hal_tim.o
                0x000000000800749a                HAL_TIM_IRQHandler
 .text.HAL_TIM_PWM_ConfigChannel
                0x00000000080076d8      0x230 Drivers/STM32F7xx_HAL_Driver/stm32f7xx_hal_tim.o
                0x00000000080076d8                HAL_TIM_PWM_ConfigChannel
 .text.HAL_TIM_ConfigClockSource
                0x0000000008007908      0x174 Drivers/STM32F7xx_HAL_Driver/stm32f7xx_hal_tim.o
                0x0000000008007908                HAL_TIM_ConfigClockSource
 .text.HAL_TIM_OC_DelayElapsedCallback
                0x0000000008007a7c       0x14 Drivers/STM32F7xx_HAL_Driver/stm32f7xx_hal_tim.o
                0x0000000008007a7c                HAL_TIM_OC_DelayElapsedCallback
 .text.HAL_TIM_IC_CaptureCallback
                0x0000000008007a90       0x14 Drivers/STM32F7xx_HAL_Driver/stm32f7xx_hal_tim.o
                0x0000000008007a90                HAL_TIM_IC_CaptureCallback
 .text.HAL_TIM_PWM_PulseFinishedCallback
                0x0000000008007aa4       0x14 Drivers/STM32F7xx_HAL_Driver/stm32f7xx_hal_tim.o
                0x0000000008007aa4                HAL_TIM_PWM_PulseFinishedCallback
 .text.HAL_TIM_TriggerCallback
                0x0000000008007ab8       0x14 Drivers/STM32F7xx_HAL_Driver/stm32f7xx_hal_tim.o
                0x0000000008007ab8                HAL_TIM_TriggerCallback
 .text.TIM_Base_SetConfig
                0x0000000008007acc      0x140 Drivers/STM32F7xx_HAL_Driver/stm32f7xx_hal_tim.o
                0x0000000008007acc                TIM_Base_SetConfig
 .text.TIM_OC1_SetConfig
                0x0000000008007c0c       0xe4 Drivers/STM32F7xx_HAL_Driver/stm32f7xx_hal_tim.o
 .text.TIM_OC2_SetConfig
                0x0000000008007cf0       0xf0 Drivers/STM32F7xx_HAL_Driver/stm32f7xx_hal_tim.o
                0x0000000008007cf0                TIM_OC2_SetConfig
 .text.TIM_OC3_SetConfig
                0x0000000008007de0       0xec Drivers/STM32F7xx_HAL_Driver/stm32f7xx_hal_tim.o
 .text.TIM_OC4_SetConfig
                0x0000000008007ecc       0xb0 Drivers/STM32F7xx_HAL_Driver/stm32f7xx_hal_tim.o
 .text.TIM_OC5_SetConfig
                0x0000000008007f7c       0xa4 Drivers/STM32F7xx_HAL_Driver/stm32f7xx_hal_tim.o
 .text.TIM_OC6_SetConfig
                0x0000000008008020       0xa8 Drivers/STM32F7xx_HAL_Driver/stm32f7xx_hal_tim.o
 .text.TIM_TI1_ConfigInputStage
                0x00000000080080c8       0x5e Drivers/STM32F7xx_HAL_Driver/stm32f7xx_hal_tim.o
 .text.TIM_TI2_ConfigInputStage
                0x0000000008008126       0x60 Drivers/STM32F7xx_HAL_Driver/stm32f7xx_hal_tim.o
 .text.TIM_ITRx_SetConfig
                0x0000000008008186       0x36 Drivers/STM32F7xx_HAL_Driver/stm32f7xx_hal_tim.o
 .text.TIM_ETR_SetConfig
                0x00000000080081bc       0x40 Drivers/STM32F7xx_HAL_Driver/stm32f7xx_hal_tim.o
                0x00000000080081bc                TIM_ETR_SetConfig
 .text.HAL_TIMEx_MasterConfigSynchronization
                0x00000000080081fc      0x11c Drivers/STM32F7xx_HAL_Driver/stm32f7xx_hal_tim_ex.o
                0x00000000080081fc                HAL_TIMEx_MasterConfigSynchronization
 .text.HAL_TIMEx_CommutCallback
                0x0000000008008318       0x14 Drivers/STM32F7xx_HAL_Driver/stm32f7xx_hal_tim_ex.o
                0x0000000008008318                HAL_TIMEx_CommutCallback
 .text.HAL_TIMEx_BreakCallback
                0x000000000800832c       0x14 Drivers/STM32F7xx_HAL_Driver/stm32f7xx_hal_tim_ex.o
                0x000000000800832c                HAL_TIMEx_BreakCallback
 .text.HAL_TIMEx_Break2Callback
                0x0000000008008340       0x14 Drivers/STM32F7xx_HAL_Driver/stm32f7xx_hal_tim_ex.o
                0x0000000008008340                HAL_TIMEx_Break2Callback
 .text.HAL_UART_Init
                0x0000000008008354       0x9c Drivers/STM32F7xx_HAL_Driver/stm32f7xx_hal_uart.o
                0x0000000008008354                HAL_UART_Init
 .text.HAL_UART_Transmit
                0x00000000080083f0      0x122 Drivers/STM32F7xx_HAL_Driver/stm32f7xx_hal_uart.o
                0x00000000080083f0                HAL_UART_Transmit
 *fill*         0x0000000008008512        0x2 
 .text.UART_SetConfig
                0x0000000008008514      0x554 Drivers/STM32F7xx_HAL_Driver/stm32f7xx_hal_uart.o
                0x0000000008008514                UART_SetConfig
 .text.UART_AdvFeatureConfig
                0x0000000008008a68      0x144 Drivers/STM32F7xx_HAL_Driver/stm32f7xx_hal_uart.o
                0x0000000008008a68                UART_AdvFeatureConfig
 .text.UART_CheckIdleState
                0x0000000008008bac       0x5e Drivers/STM32F7xx_HAL_Driver/stm32f7xx_hal_uart.o
                0x0000000008008bac                UART_CheckIdleState
 .text.UART_WaitOnFlagUntilTimeout
                0x0000000008008c0a       0xf6 Drivers/STM32F7xx_HAL_Driver/stm32f7xx_hal_uart.o
                0x0000000008008c0a                UART_WaitOnFlagUntilTimeout
 .text.USB_CoreInit
                0x0000000008008d00       0xb0 Drivers/STM32F7xx_HAL_Driver/stm32f7xx_ll_usb.o
                0x0000000008008d00                USB_CoreInit
 .text.USB_DisableGlobalInt
                0x0000000008008db0       0x22 Drivers/STM32F7xx_HAL_Driver/stm32f7xx_ll_usb.o
                0x0000000008008db0                USB_DisableGlobalInt
 .text.USB_SetCurrentMode
                0x0000000008008dd2       0x54 Drivers/STM32F7xx_HAL_Driver/stm32f7xx_ll_usb.o
                0x0000000008008dd2                USB_SetCurrentMode
 *fill*         0x0000000008008e26        0x2 
 .text.USB_DevInit
                0x0000000008008e28      0x2dc Drivers/STM32F7xx_HAL_Driver/stm32f7xx_ll_usb.o
                0x0000000008008e28                USB_DevInit
 .text.USB_FlushTxFifo
                0x0000000008009104       0x4c Drivers/STM32F7xx_HAL_Driver/stm32f7xx_ll_usb.o
                0x0000000008009104                USB_FlushTxFifo
 .text.USB_FlushRxFifo
                0x0000000008009150       0x44 Drivers/STM32F7xx_HAL_Driver/stm32f7xx_ll_usb.o
                0x0000000008009150                USB_FlushRxFifo
 .text.USB_SetDevSpeed
                0x0000000008009194       0x32 Drivers/STM32F7xx_HAL_Driver/stm32f7xx_ll_usb.o
                0x0000000008009194                USB_SetDevSpeed
 .text.USB_DevDisconnect
                0x00000000080091c6       0x30 Drivers/STM32F7xx_HAL_Driver/stm32f7xx_ll_usb.o
                0x00000000080091c6                USB_DevDisconnect
 *fill*         0x00000000080091f6        0x2 
 .text.USB_CoreReset
                0x00000000080091f8       0x68 Drivers/STM32F7xx_HAL_Driver/stm32f7xx_ll_usb.o
 .text.SVC_Setup
                0x0000000008009260        0xe Middlewares/FreeRTOS/cmsis_os2.o
 *fill*         0x000000000800926e        0x2 
 .text.osKernelInitialize
                0x0000000008009270       0x68 Middlewares/FreeRTOS/cmsis_os2.o
                0x0000000008009270                osKernelInitialize
 .text.osKernelStart
                0x00000000080092d8       0x6c Middlewares/FreeRTOS/cmsis_os2.o
                0x00000000080092d8                osKernelStart
 .text.osThreadNew
                0x0000000008009344      0x14c Middlewares/FreeRTOS/cmsis_os2.o
                0x0000000008009344                osThreadNew
 .text.osDelay  0x0000000008009490       0x5c Middlewares/FreeRTOS/cmsis_os2.o
                0x0000000008009490                osDelay
 .text.vApplicationGetIdleTaskMemory
                0x00000000080094ec       0x34 Middlewares/FreeRTOS/cmsis_os2.o
                0x00000000080094ec                vApplicationGetIdleTaskMemory
 .text.vApplicationGetTimerTaskMemory
                0x0000000008009520       0x34 Middlewares/FreeRTOS/cmsis_os2.o
                0x0000000008009520                vApplicationGetTimerTaskMemory
 .text.pvPortMalloc
                0x0000000008009554      0x190 Middlewares/FreeRTOS/heap_4.o
                0x0000000008009554                pvPortMalloc
 .text.vPortFree
                0x00000000080096e4       0xb8 Middlewares/FreeRTOS/heap_4.o
                0x00000000080096e4                vPortFree
 .text.prvHeapInit
                0x000000000800979c       0xc4 Middlewares/FreeRTOS/heap_4.o
 .text.prvInsertBlockIntoFreeList
                0x0000000008009860       0xb4 Middlewares/FreeRTOS/heap_4.o
 .text.vListInitialise
                0x0000000008009914       0x40 Middlewares/FreeRTOS/list.o
                0x0000000008009914                vListInitialise
 .text.vListInitialiseItem
                0x0000000008009954       0x1a Middlewares/FreeRTOS/list.o
                0x0000000008009954                vListInitialiseItem
 .text.vListInsertEnd
                0x000000000800996e       0x48 Middlewares/FreeRTOS/list.o
                0x000000000800996e                vListInsertEnd
 .text.vListInsert
                0x00000000080099b6       0x72 Middlewares/FreeRTOS/list.o
                0x00000000080099b6                vListInsert
 .text.uxListRemove
                0x0000000008009a28       0x54 Middlewares/FreeRTOS/list.o
                0x0000000008009a28                uxListRemove
 .text.pxPortInitialiseStack
                0x0000000008009a7c       0x68 Middlewares/FreeRTOS/port.o
                0x0000000008009a7c                pxPortInitialiseStack
 .text.prvTaskExitError
                0x0000000008009ae4       0x5c Middlewares/FreeRTOS/port.o
 .text.SVC_Handler
                0x0000000008009b40       0x28 Middlewares/FreeRTOS/port.o
                0x0000000008009b40                SVC_Handler
 .text.prvPortStartFirstTask
                0x0000000008009b68       0x28 Middlewares/FreeRTOS/port.o
 .text.xPortStartScheduler
                0x0000000008009b90       0xf8 Middlewares/FreeRTOS/port.o
                0x0000000008009b90                xPortStartScheduler
 .text.vPortEnterCritical
                0x0000000008009c88       0x64 Middlewares/FreeRTOS/port.o
                0x0000000008009c88                vPortEnterCritical
 .text.vPortExitCritical
                0x0000000008009cec       0x54 Middlewares/FreeRTOS/port.o
                0x0000000008009cec                vPortExitCritical
 .text.PendSV_Handler
                0x0000000008009d40       0x68 Middlewares/FreeRTOS/port.o
                0x0000000008009d40                PendSV_Handler
 .text.SysTick_Handler
                0x0000000008009da8       0x44 Middlewares/FreeRTOS/port.o
                0x0000000008009da8                SysTick_Handler
 .text.vPortSetupTimerInterrupt
                0x0000000008009dec       0x48 Middlewares/FreeRTOS/port.o
                0x0000000008009dec                vPortSetupTimerInterrupt
 .text.vPortEnableVFP
                0x0000000008009e34       0x14 Middlewares/FreeRTOS/port.o
 .text.vPortValidateInterruptPriority
                0x0000000008009e48       0x84 Middlewares/FreeRTOS/port.o
                0x0000000008009e48                vPortValidateInterruptPriority
 .text.xQueueGenericReset
                0x0000000008009ecc       0xd4 Middlewares/FreeRTOS/queue.o
                0x0000000008009ecc                xQueueGenericReset
 .text.xQueueGenericCreateStatic
                0x0000000008009fa0       0xfa Middlewares/FreeRTOS/queue.o
                0x0000000008009fa0                xQueueGenericCreateStatic
 .text.prvInitialiseNewQueue
                0x000000000800a09a       0x46 Middlewares/FreeRTOS/queue.o
 .text.xQueueGenericSend
                0x000000000800a0e0      0x204 Middlewares/FreeRTOS/queue.o
                0x000000000800a0e0                xQueueGenericSend
 .text.xQueueGenericSendFromISR
                0x000000000800a2e4      0x138 Middlewares/FreeRTOS/queue.o
                0x000000000800a2e4                xQueueGenericSendFromISR
 .text.xQueueReceive
                0x000000000800a41c      0x1c4 Middlewares/FreeRTOS/queue.o
                0x000000000800a41c                xQueueReceive
 .text.prvCopyDataToQueue
                0x000000000800a5e0       0xd4 Middlewares/FreeRTOS/queue.o
 .text.prvCopyDataFromQueue
                0x000000000800a6b4       0x4c Middlewares/FreeRTOS/queue.o
 .text.prvUnlockQueue
                0x000000000800a700       0xa4 Middlewares/FreeRTOS/queue.o
 .text.prvIsQueueEmpty
                0x000000000800a7a4       0x2c Middlewares/FreeRTOS/queue.o
 .text.prvIsQueueFull
                0x000000000800a7d0       0x30 Middlewares/FreeRTOS/queue.o
 .text.vQueueAddToRegistry
                0x000000000800a800       0x50 Middlewares/FreeRTOS/queue.o
                0x000000000800a800                vQueueAddToRegistry
 .text.vQueueWaitForMessageRestricted
                0x000000000800a850       0x68 Middlewares/FreeRTOS/queue.o
                0x000000000800a850                vQueueWaitForMessageRestricted
 .text.xTaskCreateStatic
                0x000000000800a8b8       0xc0 Middlewares/FreeRTOS/tasks.o
                0x000000000800a8b8                xTaskCreateStatic
 .text.xTaskCreate
                0x000000000800a978       0x8a Middlewares/FreeRTOS/tasks.o
                0x000000000800a978                xTaskCreate
 .text.prvInitialiseNewTask
                0x000000000800aa02      0x120 Middlewares/FreeRTOS/tasks.o
 *fill*         0x000000000800ab22        0x2 
 .text.prvAddNewTaskToReadyList
                0x000000000800ab24       0xe0 Middlewares/FreeRTOS/tasks.o
 .text.vTaskDelay
                0x000000000800ac04       0x6c Middlewares/FreeRTOS/tasks.o
                0x000000000800ac04                vTaskDelay
 .text.vTaskStartScheduler
                0x000000000800ac70       0xd0 Middlewares/FreeRTOS/tasks.o
                0x000000000800ac70                vTaskStartScheduler
 .text.vTaskSuspendAll
                0x000000000800ad40       0x1c Middlewares/FreeRTOS/tasks.o
                0x000000000800ad40                vTaskSuspendAll
 .text.xTaskResumeAll
                0x000000000800ad5c      0x13c Middlewares/FreeRTOS/tasks.o
                0x000000000800ad5c                xTaskResumeAll
 .text.xTaskGetTickCount
                0x000000000800ae98       0x20 Middlewares/FreeRTOS/tasks.o
                0x000000000800ae98                xTaskGetTickCount
 .text.xTaskIncrementTick
                0x000000000800aeb8      0x174 Middlewares/FreeRTOS/tasks.o
                0x000000000800aeb8                xTaskIncrementTick
 .text.vTaskSwitchContext
                0x000000000800b02c       0xbc Middlewares/FreeRTOS/tasks.o
                0x000000000800b02c                vTaskSwitchContext
 .text.vTaskPlaceOnEventList
                0x000000000800b0e8       0x4c Middlewares/FreeRTOS/tasks.o
                0x000000000800b0e8                vTaskPlaceOnEventList
 .text.vTaskPlaceOnEventListRestricted
                0x000000000800b134       0x58 Middlewares/FreeRTOS/tasks.o
                0x000000000800b134                vTaskPlaceOnEventListRestricted
 .text.xTaskRemoveFromEventList
                0x000000000800b18c       0xc8 Middlewares/FreeRTOS/tasks.o
                0x000000000800b18c                xTaskRemoveFromEventList
 .text.vTaskInternalSetTimeOutState
                0x000000000800b254       0x2c Middlewares/FreeRTOS/tasks.o
                0x000000000800b254                vTaskInternalSetTimeOutState
 .text.xTaskCheckForTimeOut
                0x000000000800b280       0xc8 Middlewares/FreeRTOS/tasks.o
                0x000000000800b280                xTaskCheckForTimeOut
 .text.vTaskMissedYield
                0x000000000800b348       0x18 Middlewares/FreeRTOS/tasks.o
                0x000000000800b348                vTaskMissedYield
 .text.prvIdleTask
                0x000000000800b360       0x30 Middlewares/FreeRTOS/tasks.o
 .text.prvInitialiseTaskLists
                0x000000000800b390       0x80 Middlewares/FreeRTOS/tasks.o
 .text.prvCheckTasksWaitingTermination
                0x000000000800b410       0x58 Middlewares/FreeRTOS/tasks.o
 .text.prvDeleteTCB
                0x000000000800b468       0x60 Middlewares/FreeRTOS/tasks.o
 .text.prvResetNextTaskUnblockTime
                0x000000000800b4c8       0x40 Middlewares/FreeRTOS/tasks.o
 .text.xTaskGetSchedulerState
                0x000000000800b508       0x3c Middlewares/FreeRTOS/tasks.o
                0x000000000800b508                xTaskGetSchedulerState
 .text.xTaskPriorityDisinherit
                0x000000000800b544       0xe0 Middlewares/FreeRTOS/tasks.o
                0x000000000800b544                xTaskPriorityDisinherit
 .text.prvAddCurrentTaskToDelayedList
                0x000000000800b624       0xa8 Middlewares/FreeRTOS/tasks.o
 .text.xTimerCreateTimerTask
                0x000000000800b6cc       0x94 Middlewares/FreeRTOS/timers.o
                0x000000000800b6cc                xTimerCreateTimerTask
 .text.xTimerGenericCommand
                0x000000000800b760       0x9c Middlewares/FreeRTOS/timers.o
                0x000000000800b760                xTimerGenericCommand
 .text.prvProcessExpiredTimer
                0x000000000800b7fc       0x9c Middlewares/FreeRTOS/timers.o
 .text.prvTimerTask
                0x000000000800b898       0x24 Middlewares/FreeRTOS/timers.o
 .text.prvProcessTimerOrBlockTask
                0x000000000800b8bc       0x9c Middlewares/FreeRTOS/timers.o
 .text.prvGetNextExpireTime
                0x000000000800b958       0x48 Middlewares/FreeRTOS/timers.o
 .text.prvSampleTimeNow
                0x000000000800b9a0       0x40 Middlewares/FreeRTOS/timers.o
 .text.prvInsertTimerInActiveList
                0x000000000800b9e0       0x84 Middlewares/FreeRTOS/timers.o
 .text.prvProcessReceivedCommands
                0x000000000800ba64      0x1c4 Middlewares/FreeRTOS/timers.o
 .text.prvSwitchTimerLists
                0x000000000800bc28       0xcc Middlewares/FreeRTOS/timers.o
 .text.prvCheckForValidListAndQueue
                0x000000000800bcf4       0x80 Middlewares/FreeRTOS/timers.o
 .text.__errno  0x000000000800bd74        0xc c:/st/stm32cubeide_1.5.1/stm32cubeide/plugins/com.st.stm32cube.ide.mcu.externaltools.gnu-tools-for-stm32.7-2018-q2-update.win32_1.5.0.202011040924/tools/bin/../lib/gcc/arm-none-eabi/7.3.1/../../../../arm-none-eabi/lib/thumb/v7e-m/fpv4-sp/hard\libc_nano.a(lib_a-errno.o)
                0x000000000800bd74                __errno
 .text.__libc_init_array
                0x000000000800bd80       0x48 c:/st/stm32cubeide_1.5.1/stm32cubeide/plugins/com.st.stm32cube.ide.mcu.externaltools.gnu-tools-for-stm32.7-2018-q2-update.win32_1.5.0.202011040924/tools/bin/../lib/gcc/arm-none-eabi/7.3.1/../../../../arm-none-eabi/lib/thumb/v7e-m/fpv4-sp/hard\libc_nano.a(lib_a-init.o)
                0x000000000800bd80                __libc_init_array
 .text.memcpy   0x000000000800bdc8       0x16 c:/st/stm32cubeide_1.5.1/stm32cubeide/plugins/com.st.stm32cube.ide.mcu.externaltools.gnu-tools-for-stm32.7-2018-q2-update.win32_1.5.0.202011040924/tools/bin/../lib/gcc/arm-none-eabi/7.3.1/../../../../arm-none-eabi/lib/thumb/v7e-m/fpv4-sp/hard\libc_nano.a(lib_a-memcpy-stub.o)
                0x000000000800bdc8                memcpy
 .text.memset   0x000000000800bdde       0x10 c:/st/stm32cubeide_1.5.1/stm32cubeide/plugins/com.st.stm32cube.ide.mcu.externaltools.gnu-tools-for-stm32.7-2018-q2-update.win32_1.5.0.202011040924/tools/bin/../lib/gcc/arm-none-eabi/7.3.1/../../../../arm-none-eabi/lib/thumb/v7e-m/fpv4-sp/hard\libc_nano.a(lib_a-memset.o)
                0x000000000800bdde                memset
 *fill*         0x000000000800bdee        0x2 
 .text.sprintf  0x000000000800bdf0       0x40 c:/st/stm32cubeide_1.5.1/stm32cubeide/plugins/com.st.stm32cube.ide.mcu.externaltools.gnu-tools-for-stm32.7-2018-q2-update.win32_1.5.0.202011040924/tools/bin/../lib/gcc/arm-none-eabi/7.3.1/../../../../arm-none-eabi/lib/thumb/v7e-m/fpv4-sp/hard\libc_nano.a(lib_a-sprintf.o)
                0x000000000800bdf0                siprintf
                0x000000000800bdf0                sprintf
 .text.__ssputs_r
                0x000000000800be30       0xb4 c:/st/stm32cubeide_1.5.1/stm32cubeide/plugins/com.st.stm32cube.ide.mcu.externaltools.gnu-tools-for-stm32.7-2018-q2-update.win32_1.5.0.202011040924/tools/bin/../lib/gcc/arm-none-eabi/7.3.1/../../../../arm-none-eabi/lib/thumb/v7e-m/fpv4-sp/hard\libc_nano.a(lib_a-nano-svfprintf.o)
                0x000000000800be30                __ssputs_r
 .text._svfprintf_r
                0x000000000800bee4      0x1f0 c:/st/stm32cubeide_1.5.1/stm32cubeide/plugins/com.st.stm32cube.ide.mcu.externaltools.gnu-tools-for-stm32.7-2018-q2-update.win32_1.5.0.202011040924/tools/bin/../lib/gcc/arm-none-eabi/7.3.1/../../../../arm-none-eabi/lib/thumb/v7e-m/fpv4-sp/hard\libc_nano.a(lib_a-nano-svfprintf.o)
                0x000000000800bee4                _svfiprintf_r
                0x000000000800bee4                _svfprintf_r
 .text._printf_common
                0x000000000800c0d4       0xea c:/st/stm32cubeide_1.5.1/stm32cubeide/plugins/com.st.stm32cube.ide.mcu.externaltools.gnu-tools-for-stm32.7-2018-q2-update.win32_1.5.0.202011040924/tools/bin/../lib/gcc/arm-none-eabi/7.3.1/../../../../arm-none-eabi/lib/thumb/v7e-m/fpv4-sp/hard\libc_nano.a(lib_a-nano-vfprintf_i.o)
                0x000000000800c0d4                _printf_common
 *fill*         0x000000000800c1be        0x2 
 .text._printf_i
                0x000000000800c1c0      0x224 c:/st/stm32cubeide_1.5.1/stm32cubeide/plugins/com.st.stm32cube.ide.mcu.externaltools.gnu-tools-for-stm32.7-2018-q2-update.win32_1.5.0.202011040924/tools/bin/../lib/gcc/arm-none-eabi/7.3.1/../../../../arm-none-eabi/lib/thumb/v7e-m/fpv4-sp/hard\libc_nano.a(lib_a-nano-vfprintf_i.o)
                0x000000000800c1c0                _printf_i
 .text.memmove  0x000000000800c3e4       0x32 c:/st/stm32cubeide_1.5.1/stm32cubeide/plugins/com.st.stm32cube.ide.mcu.externaltools.gnu-tools-for-stm32.7-2018-q2-update.win32_1.5.0.202011040924/tools/bin/../lib/gcc/arm-none-eabi/7.3.1/../../../../arm-none-eabi/lib/thumb/v7e-m/fpv4-sp/hard\libc_nano.a(lib_a-memmove.o)
                0x000000000800c3e4                memmove
 *fill*         0x000000000800c416        0x2 
 .text._free_r  0x000000000800c418       0x9c c:/st/stm32cubeide_1.5.1/stm32cubeide/plugins/com.st.stm32cube.ide.mcu.externaltools.gnu-tools-for-stm32.7-2018-q2-update.win32_1.5.0.202011040924/tools/bin/../lib/gcc/arm-none-eabi/7.3.1/../../../../arm-none-eabi/lib/thumb/v7e-m/fpv4-sp/hard\libc_nano.a(lib_a-nano-freer.o)
                0x000000000800c418                _free_r
 .text._malloc_r
                0x000000000800c4b4       0xb4 c:/st/stm32cubeide_1.5.1/stm32cubeide/plugins/com.st.stm32cube.ide.mcu.externaltools.gnu-tools-for-stm32.7-2018-q2-update.win32_1.5.0.202011040924/tools/bin/../lib/gcc/arm-none-eabi/7.3.1/../../../../arm-none-eabi/lib/thumb/v7e-m/fpv4-sp/hard\libc_nano.a(lib_a-nano-mallocr.o)
                0x000000000800c4b4                _malloc_r
 .text._realloc_r
                0x000000000800c568       0x4c c:/st/stm32cubeide_1.5.1/stm32cubeide/plugins/com.st.stm32cube.ide.mcu.externaltools.gnu-tools-for-stm32.7-2018-q2-update.win32_1.5.0.202011040924/tools/bin/../lib/gcc/arm-none-eabi/7.3.1/../../../../arm-none-eabi/lib/thumb/v7e-m/fpv4-sp/hard\libc_nano.a(lib_a-nano-reallocr.o)
                0x000000000800c568                _realloc_r
 .text._sbrk_r  0x000000000800c5b4       0x20 c:/st/stm32cubeide_1.5.1/stm32cubeide/plugins/com.st.stm32cube.ide.mcu.externaltools.gnu-tools-for-stm32.7-2018-q2-update.win32_1.5.0.202011040924/tools/bin/../lib/gcc/arm-none-eabi/7.3.1/../../../../arm-none-eabi/lib/thumb/v7e-m/fpv4-sp/hard\libc_nano.a(lib_a-sbrkr.o)
                0x000000000800c5b4                _sbrk_r
 .text.__malloc_lock
                0x000000000800c5d4        0x2 c:/st/stm32cubeide_1.5.1/stm32cubeide/plugins/com.st.stm32cube.ide.mcu.externaltools.gnu-tools-for-stm32.7-2018-q2-update.win32_1.5.0.202011040924/tools/bin/../lib/gcc/arm-none-eabi/7.3.1/../../../../arm-none-eabi/lib/thumb/v7e-m/fpv4-sp/hard\libc_nano.a(lib_a-mlock.o)
                0x000000000800c5d4                __malloc_lock
 .text.__malloc_unlock
                0x000000000800c5d6        0x2 c:/st/stm32cubeide_1.5.1/stm32cubeide/plugins/com.st.stm32cube.ide.mcu.externaltools.gnu-tools-for-stm32.7-2018-q2-update.win32_1.5.0.202011040924/tools/bin/../lib/gcc/arm-none-eabi/7.3.1/../../../../arm-none-eabi/lib/thumb/v7e-m/fpv4-sp/hard\libc_nano.a(lib_a-mlock.o)
                0x000000000800c5d6                __malloc_unlock
 .text._malloc_usable_size_r
                0x000000000800c5d8       0x10 c:/st/stm32cubeide_1.5.1/stm32cubeide/plugins/com.st.stm32cube.ide.mcu.externaltools.gnu-tools-for-stm32.7-2018-q2-update.win32_1.5.0.202011040924/tools/bin/../lib/gcc/arm-none-eabi/7.3.1/../../../../arm-none-eabi/lib/thumb/v7e-m/fpv4-sp/hard\libc_nano.a(lib_a-nano-msizer.o)
                0x000000000800c5d8                _malloc_usable_size_r
 *(.glue_7)
 .glue_7        0x000000000800c5e8        0x0 linker stubs
 *(.glue_7t)
 .glue_7t       0x000000000800c5e8        0x0 linker stubs
 *(.eh_frame)
 .eh_frame      0x000000000800c5e8        0x0 c:/st/stm32cubeide_1.5.1/stm32cubeide/plugins/com.st.stm32cube.ide.mcu.externaltools.gnu-tools-for-stm32.7-2018-q2-update.win32_1.5.0.202011040924/tools/bin/../lib/gcc/arm-none-eabi/7.3.1/thumb/v7e-m/fpv4-sp/hard/crtbegin.o
 *(.init)
 .init          0x000000000800c5e8        0x4 c:/st/stm32cubeide_1.5.1/stm32cubeide/plugins/com.st.stm32cube.ide.mcu.externaltools.gnu-tools-for-stm32.7-2018-q2-update.win32_1.5.0.202011040924/tools/bin/../lib/gcc/arm-none-eabi/7.3.1/thumb/v7e-m/fpv4-sp/hard/crti.o
                0x000000000800c5e8                _init
 .init          0x000000000800c5ec        0x8 c:/st/stm32cubeide_1.5.1/stm32cubeide/plugins/com.st.stm32cube.ide.mcu.externaltools.gnu-tools-for-stm32.7-2018-q2-update.win32_1.5.0.202011040924/tools/bin/../lib/gcc/arm-none-eabi/7.3.1/thumb/v7e-m/fpv4-sp/hard/crtn.o
 *(.fini)
 .fini          0x000000000800c5f4        0x4 c:/st/stm32cubeide_1.5.1/stm32cubeide/plugins/com.st.stm32cube.ide.mcu.externaltools.gnu-tools-for-stm32.7-2018-q2-update.win32_1.5.0.202011040924/tools/bin/../lib/gcc/arm-none-eabi/7.3.1/thumb/v7e-m/fpv4-sp/hard/crti.o
                0x000000000800c5f4                _fini
 .fini          0x000000000800c5f8        0x8 c:/st/stm32cubeide_1.5.1/stm32cubeide/plugins/com.st.stm32cube.ide.mcu.externaltools.gnu-tools-for-stm32.7-2018-q2-update.win32_1.5.0.202011040924/tools/bin/../lib/gcc/arm-none-eabi/7.3.1/thumb/v7e-m/fpv4-sp/hard/crtn.o
                0x000000000800c600                . = ALIGN (0x4)
                0x000000000800c600                _etext = .

.vfp11_veneer   0x000000000800c600        0x0
 .vfp11_veneer  0x000000000800c600        0x0 linker stubs

.v4_bx          0x000000000800c600        0x0
 .v4_bx         0x000000000800c600        0x0 linker stubs

.iplt           0x000000000800c600        0x0
 .iplt          0x000000000800c600        0x0 c:/st/stm32cubeide_1.5.1/stm32cubeide/plugins/com.st.stm32cube.ide.mcu.externaltools.gnu-tools-for-stm32.7-2018-q2-update.win32_1.5.0.202011040924/tools/bin/../lib/gcc/arm-none-eabi/7.3.1/thumb/v7e-m/fpv4-sp/hard/crtbegin.o

.rodata         0x000000000800c600      0x114
                0x000000000800c600                . = ALIGN (0x4)
 *(.rodata)
 .rodata        0x000000000800c600       0x3b Core/Src/main.o
 *fill*         0x000000000800c63b        0x1 
 .rodata        0x000000000800c63c        0x5 Middlewares/FreeRTOS/tasks.o
 *fill*         0x000000000800c641        0x3 
 .rodata        0x000000000800c644        0xd Middlewares/FreeRTOS/timers.o
 *(.rodata*)
 *fill*         0x000000000800c651        0x3 
 .rodata.Heartbeat_attributes
                0x000000000800c654       0x24 Core/Src/main.o
                0x000000000800c654                Heartbeat_attributes
 .rodata.adcRead_attributes
                0x000000000800c678       0x24 Core/Src/main.o
                0x000000000800c678                adcRead_attributes
 .rodata.DatScreenBlink_attributes
                0x000000000800c69c       0x24 Core/Src/main.o
                0x000000000800c69c                DatScreenBlink_attributes
 .rodata.AHBPrescTable
                0x000000000800c6c0       0x10 Core/Src/system_stm32f7xx.o
                0x000000000800c6c0                AHBPrescTable
 .rodata.APBPrescTable
                0x000000000800c6d0        0x8 Core/Src/system_stm32f7xx.o
                0x000000000800c6d0                APBPrescTable
 .rodata.flagBitshiftOffset.9743
                0x000000000800c6d8        0x8 Drivers/STM32F7xx_HAL_Driver/stm32f7xx_hal_dma.o
 .rodata._svfprintf_r.str1.1
                0x000000000800c6e0       0x11 c:/st/stm32cubeide_1.5.1/stm32cubeide/plugins/com.st.stm32cube.ide.mcu.externaltools.gnu-tools-for-stm32.7-2018-q2-update.win32_1.5.0.202011040924/tools/bin/../lib/gcc/arm-none-eabi/7.3.1/../../../../arm-none-eabi/lib/thumb/v7e-m/fpv4-sp/hard\libc_nano.a(lib_a-nano-svfprintf.o)
 .rodata._printf_i.str1.1
                0x000000000800c6f1       0x22 c:/st/stm32cubeide_1.5.1/stm32cubeide/plugins/com.st.stm32cube.ide.mcu.externaltools.gnu-tools-for-stm32.7-2018-q2-update.win32_1.5.0.202011040924/tools/bin/../lib/gcc/arm-none-eabi/7.3.1/../../../../arm-none-eabi/lib/thumb/v7e-m/fpv4-sp/hard\libc_nano.a(lib_a-nano-vfprintf_i.o)
                0x000000000800c714                . = ALIGN (0x4)
 *fill*         0x000000000800c713        0x1 

.ARM.extab      0x000000000800c714        0x0
                0x000000000800c714                . = ALIGN (0x4)
 *(.ARM.extab* .gnu.linkonce.armextab.*)
                0x000000000800c714                . = ALIGN (0x4)

.ARM            0x000000000800c714        0x8
                0x000000000800c714                . = ALIGN (0x4)
                0x000000000800c714                __exidx_start = .
 *(.ARM.exidx*)
 .ARM.exidx     0x000000000800c714        0x8 c:/st/stm32cubeide_1.5.1/stm32cubeide/plugins/com.st.stm32cube.ide.mcu.externaltools.gnu-tools-for-stm32.7-2018-q2-update.win32_1.5.0.202011040924/tools/bin/../lib/gcc/arm-none-eabi/7.3.1/thumb/v7e-m/fpv4-sp/hard\libgcc.a(_udivmoddi4.o)
                0x000000000800c71c                __exidx_end = .
                0x000000000800c71c                . = ALIGN (0x4)

.rel.dyn        0x000000000800c71c        0x0
 .rel.iplt      0x000000000800c71c        0x0 c:/st/stm32cubeide_1.5.1/stm32cubeide/plugins/com.st.stm32cube.ide.mcu.externaltools.gnu-tools-for-stm32.7-2018-q2-update.win32_1.5.0.202011040924/tools/bin/../lib/gcc/arm-none-eabi/7.3.1/thumb/v7e-m/fpv4-sp/hard/crtbegin.o

.preinit_array  0x000000000800c71c        0x0
                0x000000000800c71c                . = ALIGN (0x4)
                0x000000000800c71c                PROVIDE (__preinit_array_start = .)
 *(.preinit_array*)
                0x000000000800c71c                PROVIDE (__preinit_array_end = .)
                0x000000000800c71c                . = ALIGN (0x4)

.init_array     0x000000000800c71c        0x4
                0x000000000800c71c                . = ALIGN (0x4)
                0x000000000800c71c                PROVIDE (__init_array_start = .)
 *(SORT_BY_NAME(.init_array.*))
 *(.init_array*)
 .init_array    0x000000000800c71c        0x4 c:/st/stm32cubeide_1.5.1/stm32cubeide/plugins/com.st.stm32cube.ide.mcu.externaltools.gnu-tools-for-stm32.7-2018-q2-update.win32_1.5.0.202011040924/tools/bin/../lib/gcc/arm-none-eabi/7.3.1/thumb/v7e-m/fpv4-sp/hard/crtbegin.o
                0x000000000800c720                PROVIDE (__init_array_end = .)
                0x000000000800c720                . = ALIGN (0x4)

.fini_array     0x000000000800c720        0x4
                0x000000000800c720                . = ALIGN (0x4)
                [!provide]                        PROVIDE (__fini_array_start = .)
 *(SORT_BY_NAME(.fini_array.*))
 *(.fini_array*)
 .fini_array    0x000000000800c720        0x4 c:/st/stm32cubeide_1.5.1/stm32cubeide/plugins/com.st.stm32cube.ide.mcu.externaltools.gnu-tools-for-stm32.7-2018-q2-update.win32_1.5.0.202011040924/tools/bin/../lib/gcc/arm-none-eabi/7.3.1/thumb/v7e-m/fpv4-sp/hard/crtbegin.o
                [!provide]                        PROVIDE (__fini_array_end = .)
                0x000000000800c724                . = ALIGN (0x4)
                0x000000000800c724                _sidata = LOADADDR (.data)

.data           0x0000000020000000       0x98 load address 0x000000000800c724
                0x0000000020000000                . = ALIGN (0x4)
                0x0000000020000000                _sdata = .
 *(.data)
 *(.data*)
 .data.LED      0x0000000020000000       0x10 Core/Src/main.o
 .data.LCD_Clear.10540
                0x0000000020000010        0x2 Core/Src/main.o
 .data.update_Line1.10536
                0x0000000020000012        0x2 Core/Src/main.o
 .data.LCD_Green.10533
                0x0000000020000014        0x2 Core/Src/main.o
 .data.update_Line2.10537
                0x0000000020000016        0x2 Core/Src/main.o
 .data.update_Line3.10538
                0x0000000020000018        0x2 Core/Src/main.o
 .data.ON.10541
                0x000000002000001a        0x1 Core/Src/main.o
 *fill*         0x000000002000001b        0x1 
 .data.LCD_Blink_White.10531
                0x000000002000001c        0x2 Core/Src/main.o
 .data.LCD_Blink_Black.10532
                0x000000002000001e        0x2 Core/Src/main.o
 .data.LCD_Blink_White.10721
                0x0000000020000020        0x2 Core/Src/main.o
 .data.LCD_Blink_Black.10722
                0x0000000020000022        0x2 Core/Src/main.o
 .data.SystemCoreClock
                0x0000000020000024        0x4 Core/Src/system_stm32f7xx.o
                0x0000000020000024                SystemCoreClock
 .data.uwTickPrio
                0x0000000020000028        0x4 Drivers/STM32F7xx_HAL_Driver/stm32f7xx_hal.o
                0x0000000020000028                uwTickPrio
 .data.uwTickFreq
                0x000000002000002c        0x1 Drivers/STM32F7xx_HAL_Driver/stm32f7xx_hal.o
                0x000000002000002c                uwTickFreq
 *fill*         0x000000002000002d        0x3 
 .data.uxCriticalNesting
                0x0000000020000030        0x4 Middlewares/FreeRTOS/port.o
 .data._impure_ptr
                0x0000000020000034        0x4 c:/st/stm32cubeide_1.5.1/stm32cubeide/plugins/com.st.stm32cube.ide.mcu.externaltools.gnu-tools-for-stm32.7-2018-q2-update.win32_1.5.0.202011040924/tools/bin/../lib/gcc/arm-none-eabi/7.3.1/../../../../arm-none-eabi/lib/thumb/v7e-m/fpv4-sp/hard\libc_nano.a(lib_a-impure.o)
                0x0000000020000034                _impure_ptr
 .data.impure_data
                0x0000000020000038       0x60 c:/st/stm32cubeide_1.5.1/stm32cubeide/plugins/com.st.stm32cube.ide.mcu.externaltools.gnu-tools-for-stm32.7-2018-q2-update.win32_1.5.0.202011040924/tools/bin/../lib/gcc/arm-none-eabi/7.3.1/../../../../arm-none-eabi/lib/thumb/v7e-m/fpv4-sp/hard\libc_nano.a(lib_a-impure.o)
 *(.RamFunc)
 *(.RamFunc*)
                0x0000000020000098                . = ALIGN (0x4)
                0x0000000020000098                _edata = .

.igot.plt       0x0000000020000098        0x0 load address 0x000000000800c7bc
 .igot.plt      0x0000000020000098        0x0 c:/st/stm32cubeide_1.5.1/stm32cubeide/plugins/com.st.stm32cube.ide.mcu.externaltools.gnu-tools-for-stm32.7-2018-q2-update.win32_1.5.0.202011040924/tools/bin/../lib/gcc/arm-none-eabi/7.3.1/thumb/v7e-m/fpv4-sp/hard/crtbegin.o
                0x0000000020000098                . = ALIGN (0x4)

.bss            0x0000000020000098     0xc99c load address 0x000000000800c7bc
                0x0000000020000098                _sbss = .
                0x0000000020000098                __bss_start__ = _sbss
 *(.bss)
 .bss           0x0000000020000098       0x1c c:/st/stm32cubeide_1.5.1/stm32cubeide/plugins/com.st.stm32cube.ide.mcu.externaltools.gnu-tools-for-stm32.7-2018-q2-update.win32_1.5.0.202011040924/tools/bin/../lib/gcc/arm-none-eabi/7.3.1/thumb/v7e-m/fpv4-sp/hard/crtbegin.o
 *(.bss*)
 .bss.update_dummy.10539
                0x00000000200000b4        0x2 Core/Src/main.o
 .bss.OFF.10542
                0x00000000200000b6        0x1 Core/Src/main.o
 *fill*         0x00000000200000b7        0x1 
 .bss.buf.10666
                0x00000000200000b8       0x14 Core/Src/main.o
 .bss.clear.10684
                0x00000000200000cc        0x4 Core/Src/main.o
 .bss.__sbrk_heap_end
                0x00000000200000d0        0x4 Core/Src/sysmem.o
 .bss.KernelState
                0x00000000200000d4        0x4 Middlewares/FreeRTOS/cmsis_os2.o
 .bss.Idle_TCB  0x00000000200000d8       0x5c Middlewares/FreeRTOS/cmsis_os2.o
 .bss.Idle_Stack
                0x0000000020000134      0x200 Middlewares/FreeRTOS/cmsis_os2.o
 .bss.Timer_TCB
                0x0000000020000334       0x5c Middlewares/FreeRTOS/cmsis_os2.o
 .bss.Timer_Stack
                0x0000000020000390      0x400 Middlewares/FreeRTOS/cmsis_os2.o
 .bss.ucHeap    0x0000000020000790     0x3c00 Middlewares/FreeRTOS/heap_4.o
 .bss.xStart    0x0000000020004390        0x8 Middlewares/FreeRTOS/heap_4.o
 .bss.pxEnd     0x0000000020004398        0x4 Middlewares/FreeRTOS/heap_4.o
 .bss.xFreeBytesRemaining
                0x000000002000439c        0x4 Middlewares/FreeRTOS/heap_4.o
 .bss.xMinimumEverFreeBytesRemaining
                0x00000000200043a0        0x4 Middlewares/FreeRTOS/heap_4.o
 .bss.xBlockAllocatedBit
                0x00000000200043a4        0x4 Middlewares/FreeRTOS/heap_4.o
 .bss.ucMaxSysCallPriority
                0x00000000200043a8        0x1 Middlewares/FreeRTOS/port.o
 *fill*         0x00000000200043a9        0x3 
 .bss.ulMaxPRIGROUPValue
                0x00000000200043ac        0x4 Middlewares/FreeRTOS/port.o
 .bss.pxCurrentTCB
                0x00000000200043b0        0x4 Middlewares/FreeRTOS/tasks.o
                0x00000000200043b0                pxCurrentTCB
 .bss.pxReadyTasksLists
                0x00000000200043b4      0x460 Middlewares/FreeRTOS/tasks.o
 .bss.xDelayedTaskList1
                0x0000000020004814       0x14 Middlewares/FreeRTOS/tasks.o
 .bss.xDelayedTaskList2
                0x0000000020004828       0x14 Middlewares/FreeRTOS/tasks.o
 .bss.pxDelayedTaskList
                0x000000002000483c        0x4 Middlewares/FreeRTOS/tasks.o
 .bss.pxOverflowDelayedTaskList
                0x0000000020004840        0x4 Middlewares/FreeRTOS/tasks.o
 .bss.xPendingReadyList
                0x0000000020004844       0x14 Middlewares/FreeRTOS/tasks.o
 .bss.xTasksWaitingTermination
                0x0000000020004858       0x14 Middlewares/FreeRTOS/tasks.o
 .bss.uxDeletedTasksWaitingCleanUp
                0x000000002000486c        0x4 Middlewares/FreeRTOS/tasks.o
 .bss.xSuspendedTaskList
                0x0000000020004870       0x14 Middlewares/FreeRTOS/tasks.o
 .bss.uxCurrentNumberOfTasks
                0x0000000020004884        0x4 Middlewares/FreeRTOS/tasks.o
 .bss.xTickCount
                0x0000000020004888        0x4 Middlewares/FreeRTOS/tasks.o
 .bss.uxTopReadyPriority
                0x000000002000488c        0x4 Middlewares/FreeRTOS/tasks.o
 .bss.xSchedulerRunning
                0x0000000020004890        0x4 Middlewares/FreeRTOS/tasks.o
 .bss.uxPendedTicks
                0x0000000020004894        0x4 Middlewares/FreeRTOS/tasks.o
 .bss.xYieldPending
                0x0000000020004898        0x4 Middlewares/FreeRTOS/tasks.o
 .bss.xNumOfOverflows
                0x000000002000489c        0x4 Middlewares/FreeRTOS/tasks.o
 .bss.uxTaskNumber
                0x00000000200048a0        0x4 Middlewares/FreeRTOS/tasks.o
 .bss.xNextTaskUnblockTime
                0x00000000200048a4        0x4 Middlewares/FreeRTOS/tasks.o
 .bss.xIdleTaskHandle
                0x00000000200048a8        0x4 Middlewares/FreeRTOS/tasks.o
 .bss.uxSchedulerSuspended
                0x00000000200048ac        0x4 Middlewares/FreeRTOS/tasks.o
 .bss.xActiveTimerList1
                0x00000000200048b0       0x14 Middlewares/FreeRTOS/timers.o
 .bss.xActiveTimerList2
                0x00000000200048c4       0x14 Middlewares/FreeRTOS/timers.o
 .bss.pxCurrentTimerList
                0x00000000200048d8        0x4 Middlewares/FreeRTOS/timers.o
 .bss.pxOverflowTimerList
                0x00000000200048dc        0x4 Middlewares/FreeRTOS/timers.o
 .bss.xTimerQueue
                0x00000000200048e0        0x4 Middlewares/FreeRTOS/timers.o
 .bss.xTimerTaskHandle
                0x00000000200048e4        0x4 Middlewares/FreeRTOS/timers.o
 .bss.xLastTime.6741
                0x00000000200048e8        0x4 Middlewares/FreeRTOS/timers.o
 .bss.ucStaticTimerQueueStorage.6792
                0x00000000200048ec       0xa0 Middlewares/FreeRTOS/timers.o
 .bss.xStaticTimerQueue.6791
                0x000000002000498c       0x50 Middlewares/FreeRTOS/timers.o
 .bss.__malloc_free_list
                0x00000000200049dc        0x4 c:/st/stm32cubeide_1.5.1/stm32cubeide/plugins/com.st.stm32cube.ide.mcu.externaltools.gnu-tools-for-stm32.7-2018-q2-update.win32_1.5.0.202011040924/tools/bin/../lib/gcc/arm-none-eabi/7.3.1/../../../../arm-none-eabi/lib/thumb/v7e-m/fpv4-sp/hard\libc_nano.a(lib_a-nano-mallocr.o)
                0x00000000200049dc                __malloc_free_list
 .bss.__malloc_sbrk_start
                0x00000000200049e0        0x4 c:/st/stm32cubeide_1.5.1/stm32cubeide/plugins/com.st.stm32cube.ide.mcu.externaltools.gnu-tools-for-stm32.7-2018-q2-update.win32_1.5.0.202011040924/tools/bin/../lib/gcc/arm-none-eabi/7.3.1/../../../../arm-none-eabi/lib/thumb/v7e-m/fpv4-sp/hard\libc_nano.a(lib_a-nano-mallocr.o)
                0x00000000200049e0                __malloc_sbrk_start
 *(COMMON)
 COMMON         0x00000000200049e4     0x7fc8 Core/Src/main.o
                0x00000000200049e4                hi2c3
                0x0000000020004a30                hi2c4
                0x0000000020004a7c                huart7
                0x0000000020004afc                hspi5
                0x0000000020004b60                htim4
                0x0000000020004ba0                hadc2
                0x0000000020004be8                hi2c1
                0x0000000020004c34                hpcd_USB_OTG_FS
                0x0000000020005038                hi2c2
                0x0000000020005084                hdma_adc3
                0x00000000200050e4                adcRestart
                0x00000000200050e8                htim5
                0x0000000020005128                adc1_buf
                0x0000000020007838                huart5
                0x00000000200078b8                hadc1
                0x0000000020007900                hadc3
                0x0000000020007948                hdac
                0x000000002000795c                hspi4
                0x00000000200079c0                hdma_adc1
                0x0000000020007a20                hrtc
                0x0000000020007a40                adc3_buf
                0x000000002000a150                huart4
                0x000000002000a1d0                HeartbeatHandle
                0x000000002000a1d4                adc2_buf
                0x000000002000c8e4                hdma_adc2
                0x000000002000c944                hdma_uart5_rx
                0x000000002000c9a4                DatScreenBlinkHandle
                0x000000002000c9a8                adcReadHandle
 COMMON         0x000000002000c9ac       0x40 Core/Src/stm32f7xx_hal_timebase_tim.o
                0x000000002000c9ac                htim6
 COMMON         0x000000002000c9ec        0x4 Drivers/STM32F7xx_HAL_Driver/stm32f7xx_hal.o
                0x000000002000c9ec                uwTick
 COMMON         0x000000002000c9f0       0x40 Middlewares/FreeRTOS/queue.o
                0x000000002000c9f0                xQueueRegistry
 COMMON         0x000000002000ca30        0x4 c:/st/stm32cubeide_1.5.1/stm32cubeide/plugins/com.st.stm32cube.ide.mcu.externaltools.gnu-tools-for-stm32.7-2018-q2-update.win32_1.5.0.202011040924/tools/bin/../lib/gcc/arm-none-eabi/7.3.1/../../../../arm-none-eabi/lib/thumb/v7e-m/fpv4-sp/hard\libc_nano.a(lib_a-reent.o)
                0x000000002000ca30                errno
                0x000000002000ca34                . = ALIGN (0x4)
                0x000000002000ca34                _ebss = .
                0x000000002000ca34                __bss_end__ = _ebss

._user_heap_stack
                0x000000002000ca34      0x604 load address 0x000000000800c7bc
                0x000000002000ca38                . = ALIGN (0x8)
 *fill*         0x000000002000ca34        0x4 
                [!provide]                        PROVIDE (end = .)
                0x000000002000ca38                PROVIDE (_end = .)
                0x000000002000cc38                . = (. + _Min_Heap_Size)
 *fill*         0x000000002000ca38      0x200 
                0x000000002000d038                . = (. + _Min_Stack_Size)
 *fill*         0x000000002000cc38      0x400 
                0x000000002000d038                . = ALIGN (0x8)

/DISCARD/
 libc.a(*)
 libm.a(*)
 libgcc.a(*)

.ARM.attributes
                0x0000000000000000       0x30
 *(.ARM.attributes)
 .ARM.attributes
                0x0000000000000000       0x22 c:/st/stm32cubeide_1.5.1/stm32cubeide/plugins/com.st.stm32cube.ide.mcu.externaltools.gnu-tools-for-stm32.7-2018-q2-update.win32_1.5.0.202011040924/tools/bin/../lib/gcc/arm-none-eabi/7.3.1/thumb/v7e-m/fpv4-sp/hard/crti.o
 .ARM.attributes
                0x0000000000000022       0x34 c:/st/stm32cubeide_1.5.1/stm32cubeide/plugins/com.st.stm32cube.ide.mcu.externaltools.gnu-tools-for-stm32.7-2018-q2-update.win32_1.5.0.202011040924/tools/bin/../lib/gcc/arm-none-eabi/7.3.1/thumb/v7e-m/fpv4-sp/hard/crtbegin.o
 .ARM.attributes
                0x0000000000000056       0x39 Core/Src/main.o
 .ARM.attributes
                0x000000000000008f       0x39 Core/Src/stm32f7xx_hal_msp.o
 .ARM.attributes
                0x00000000000000c8       0x39 Core/Src/stm32f7xx_hal_timebase_tim.o
 .ARM.attributes
                0x0000000000000101       0x39 Core/Src/stm32f7xx_it.o
 .ARM.attributes
                0x000000000000013a       0x39 Core/Src/sysmem.o
 .ARM.attributes
                0x0000000000000173       0x39 Core/Src/system_stm32f7xx.o
 .ARM.attributes
                0x00000000000001ac       0x21 Core/Startup/startup_stm32f750n8hx.o
 .ARM.attributes
                0x00000000000001cd       0x39 Drivers/STM32F7xx_HAL_Driver/stm32f7xx_hal.o
 .ARM.attributes
                0x0000000000000206       0x39 Drivers/STM32F7xx_HAL_Driver/stm32f7xx_hal_adc.o
 .ARM.attributes
                0x000000000000023f       0x39 Drivers/STM32F7xx_HAL_Driver/stm32f7xx_hal_adc_ex.o
 .ARM.attributes
                0x0000000000000278       0x39 Drivers/STM32F7xx_HAL_Driver/stm32f7xx_hal_cortex.o
 .ARM.attributes
                0x00000000000002b1       0x39 Drivers/STM32F7xx_HAL_Driver/stm32f7xx_hal_dac.o
 .ARM.attributes
                0x00000000000002ea       0x39 Drivers/STM32F7xx_HAL_Driver/stm32f7xx_hal_dac_ex.o
 .ARM.attributes
                0x0000000000000323       0x39 Drivers/STM32F7xx_HAL_Driver/stm32f7xx_hal_dma.o
 .ARM.attributes
                0x000000000000035c       0x39 Drivers/STM32F7xx_HAL_Driver/stm32f7xx_hal_gpio.o
 .ARM.attributes
                0x0000000000000395       0x39 Drivers/STM32F7xx_HAL_Driver/stm32f7xx_hal_i2c.o
 .ARM.attributes
                0x00000000000003ce       0x39 Drivers/STM32F7xx_HAL_Driver/stm32f7xx_hal_i2c_ex.o
 .ARM.attributes
                0x0000000000000407       0x39 Drivers/STM32F7xx_HAL_Driver/stm32f7xx_hal_pcd.o
 .ARM.attributes
                0x0000000000000440       0x39 Drivers/STM32F7xx_HAL_Driver/stm32f7xx_hal_pcd_ex.o
 .ARM.attributes
                0x0000000000000479       0x39 Drivers/STM32F7xx_HAL_Driver/stm32f7xx_hal_pwr.o
 .ARM.attributes
                0x00000000000004b2       0x39 Drivers/STM32F7xx_HAL_Driver/stm32f7xx_hal_rcc.o
 .ARM.attributes
                0x00000000000004eb       0x39 Drivers/STM32F7xx_HAL_Driver/stm32f7xx_hal_rcc_ex.o
 .ARM.attributes
                0x0000000000000524       0x39 Drivers/STM32F7xx_HAL_Driver/stm32f7xx_hal_rtc.o
 .ARM.attributes
                0x000000000000055d       0x39 Drivers/STM32F7xx_HAL_Driver/stm32f7xx_hal_spi.o
 .ARM.attributes
                0x0000000000000596       0x39 Drivers/STM32F7xx_HAL_Driver/stm32f7xx_hal_tim.o
 .ARM.attributes
                0x00000000000005cf       0x39 Drivers/STM32F7xx_HAL_Driver/stm32f7xx_hal_tim_ex.o
 .ARM.attributes
                0x0000000000000608       0x39 Drivers/STM32F7xx_HAL_Driver/stm32f7xx_hal_uart.o
 .ARM.attributes
                0x0000000000000641       0x39 Drivers/STM32F7xx_HAL_Driver/stm32f7xx_ll_usb.o
 .ARM.attributes
                0x000000000000067a       0x39 Middlewares/FreeRTOS/cmsis_os2.o
 .ARM.attributes
                0x00000000000006b3       0x39 Middlewares/FreeRTOS/heap_4.o
 .ARM.attributes
                0x00000000000006ec       0x39 Middlewares/FreeRTOS/list.o
 .ARM.attributes
                0x0000000000000725       0x39 Middlewares/FreeRTOS/port.o
 .ARM.attributes
                0x000000000000075e       0x39 Middlewares/FreeRTOS/queue.o
 .ARM.attributes
                0x0000000000000797       0x39 Middlewares/FreeRTOS/tasks.o
 .ARM.attributes
                0x00000000000007d0       0x39 Middlewares/FreeRTOS/timers.o
 .ARM.attributes
                0x0000000000000809       0x34 c:/st/stm32cubeide_1.5.1/stm32cubeide/plugins/com.st.stm32cube.ide.mcu.externaltools.gnu-tools-for-stm32.7-2018-q2-update.win32_1.5.0.202011040924/tools/bin/../lib/gcc/arm-none-eabi/7.3.1/../../../../arm-none-eabi/lib/thumb/v7e-m/fpv4-sp/hard\libc_nano.a(lib_a-errno.o)
 .ARM.attributes
                0x000000000000083d       0x34 c:/st/stm32cubeide_1.5.1/stm32cubeide/plugins/com.st.stm32cube.ide.mcu.externaltools.gnu-tools-for-stm32.7-2018-q2-update.win32_1.5.0.202011040924/tools/bin/../lib/gcc/arm-none-eabi/7.3.1/../../../../arm-none-eabi/lib/thumb/v7e-m/fpv4-sp/hard\libc_nano.a(lib_a-impure.o)
 .ARM.attributes
                0x0000000000000871       0x34 c:/st/stm32cubeide_1.5.1/stm32cubeide/plugins/com.st.stm32cube.ide.mcu.externaltools.gnu-tools-for-stm32.7-2018-q2-update.win32_1.5.0.202011040924/tools/bin/../lib/gcc/arm-none-eabi/7.3.1/../../../../arm-none-eabi/lib/thumb/v7e-m/fpv4-sp/hard\libc_nano.a(lib_a-init.o)
 .ARM.attributes
                0x00000000000008a5       0x34 c:/st/stm32cubeide_1.5.1/stm32cubeide/plugins/com.st.stm32cube.ide.mcu.externaltools.gnu-tools-for-stm32.7-2018-q2-update.win32_1.5.0.202011040924/tools/bin/../lib/gcc/arm-none-eabi/7.3.1/../../../../arm-none-eabi/lib/thumb/v7e-m/fpv4-sp/hard\libc_nano.a(lib_a-memcpy-stub.o)
 .ARM.attributes
                0x00000000000008d9       0x34 c:/st/stm32cubeide_1.5.1/stm32cubeide/plugins/com.st.stm32cube.ide.mcu.externaltools.gnu-tools-for-stm32.7-2018-q2-update.win32_1.5.0.202011040924/tools/bin/../lib/gcc/arm-none-eabi/7.3.1/../../../../arm-none-eabi/lib/thumb/v7e-m/fpv4-sp/hard\libc_nano.a(lib_a-memset.o)
 .ARM.attributes
                0x000000000000090d       0x34 c:/st/stm32cubeide_1.5.1/stm32cubeide/plugins/com.st.stm32cube.ide.mcu.externaltools.gnu-tools-for-stm32.7-2018-q2-update.win32_1.5.0.202011040924/tools/bin/../lib/gcc/arm-none-eabi/7.3.1/../../../../arm-none-eabi/lib/thumb/v7e-m/fpv4-sp/hard\libc_nano.a(lib_a-sprintf.o)
 .ARM.attributes
                0x0000000000000941       0x34 c:/st/stm32cubeide_1.5.1/stm32cubeide/plugins/com.st.stm32cube.ide.mcu.externaltools.gnu-tools-for-stm32.7-2018-q2-update.win32_1.5.0.202011040924/tools/bin/../lib/gcc/arm-none-eabi/7.3.1/../../../../arm-none-eabi/lib/thumb/v7e-m/fpv4-sp/hard\libc_nano.a(lib_a-nano-svfprintf.o)
 .ARM.attributes
                0x0000000000000975       0x34 c:/st/stm32cubeide_1.5.1/stm32cubeide/plugins/com.st.stm32cube.ide.mcu.externaltools.gnu-tools-for-stm32.7-2018-q2-update.win32_1.5.0.202011040924/tools/bin/../lib/gcc/arm-none-eabi/7.3.1/../../../../arm-none-eabi/lib/thumb/v7e-m/fpv4-sp/hard\libc_nano.a(lib_a-nano-vfprintf_i.o)
 .ARM.attributes
                0x00000000000009a9       0x20 c:/st/stm32cubeide_1.5.1/stm32cubeide/plugins/com.st.stm32cube.ide.mcu.externaltools.gnu-tools-for-stm32.7-2018-q2-update.win32_1.5.0.202011040924/tools/bin/../lib/gcc/arm-none-eabi/7.3.1/../../../../arm-none-eabi/lib/thumb/v7e-m/fpv4-sp/hard\libc_nano.a(lib_a-memchr.o)
 .ARM.attributes
                0x00000000000009c9       0x34 c:/st/stm32cubeide_1.5.1/stm32cubeide/plugins/com.st.stm32cube.ide.mcu.externaltools.gnu-tools-for-stm32.7-2018-q2-update.win32_1.5.0.202011040924/tools/bin/../lib/gcc/arm-none-eabi/7.3.1/../../../../arm-none-eabi/lib/thumb/v7e-m/fpv4-sp/hard\libc_nano.a(lib_a-memmove.o)
 .ARM.attributes
                0x00000000000009fd       0x34 c:/st/stm32cubeide_1.5.1/stm32cubeide/plugins/com.st.stm32cube.ide.mcu.externaltools.gnu-tools-for-stm32.7-2018-q2-update.win32_1.5.0.202011040924/tools/bin/../lib/gcc/arm-none-eabi/7.3.1/../../../../arm-none-eabi/lib/thumb/v7e-m/fpv4-sp/hard\libc_nano.a(lib_a-nano-freer.o)
 .ARM.attributes
                0x0000000000000a31       0x34 c:/st/stm32cubeide_1.5.1/stm32cubeide/plugins/com.st.stm32cube.ide.mcu.externaltools.gnu-tools-for-stm32.7-2018-q2-update.win32_1.5.0.202011040924/tools/bin/../lib/gcc/arm-none-eabi/7.3.1/../../../../arm-none-eabi/lib/thumb/v7e-m/fpv4-sp/hard\libc_nano.a(lib_a-nano-mallocr.o)
 .ARM.attributes
                0x0000000000000a65       0x34 c:/st/stm32cubeide_1.5.1/stm32cubeide/plugins/com.st.stm32cube.ide.mcu.externaltools.gnu-tools-for-stm32.7-2018-q2-update.win32_1.5.0.202011040924/tools/bin/../lib/gcc/arm-none-eabi/7.3.1/../../../../arm-none-eabi/lib/thumb/v7e-m/fpv4-sp/hard\libc_nano.a(lib_a-nano-reallocr.o)
 .ARM.attributes
                0x0000000000000a99       0x34 c:/st/stm32cubeide_1.5.1/stm32cubeide/plugins/com.st.stm32cube.ide.mcu.externaltools.gnu-tools-for-stm32.7-2018-q2-update.win32_1.5.0.202011040924/tools/bin/../lib/gcc/arm-none-eabi/7.3.1/../../../../arm-none-eabi/lib/thumb/v7e-m/fpv4-sp/hard\libc_nano.a(lib_a-sbrkr.o)
 .ARM.attributes
                0x0000000000000acd       0x34 c:/st/stm32cubeide_1.5.1/stm32cubeide/plugins/com.st.stm32cube.ide.mcu.externaltools.gnu-tools-for-stm32.7-2018-q2-update.win32_1.5.0.202011040924/tools/bin/../lib/gcc/arm-none-eabi/7.3.1/../../../../arm-none-eabi/lib/thumb/v7e-m/fpv4-sp/hard\libc_nano.a(lib_a-mlock.o)
 .ARM.attributes
                0x0000000000000b01       0x34 c:/st/stm32cubeide_1.5.1/stm32cubeide/plugins/com.st.stm32cube.ide.mcu.externaltools.gnu-tools-for-stm32.7-2018-q2-update.win32_1.5.0.202011040924/tools/bin/../lib/gcc/arm-none-eabi/7.3.1/../../../../arm-none-eabi/lib/thumb/v7e-m/fpv4-sp/hard\libc_nano.a(lib_a-nano-msizer.o)
 .ARM.attributes
                0x0000000000000b35       0x34 c:/st/stm32cubeide_1.5.1/stm32cubeide/plugins/com.st.stm32cube.ide.mcu.externaltools.gnu-tools-for-stm32.7-2018-q2-update.win32_1.5.0.202011040924/tools/bin/../lib/gcc/arm-none-eabi/7.3.1/../../../../arm-none-eabi/lib/thumb/v7e-m/fpv4-sp/hard\libc_nano.a(lib_a-reent.o)
 .ARM.attributes
                0x0000000000000b69       0x22 c:/st/stm32cubeide_1.5.1/stm32cubeide/plugins/com.st.stm32cube.ide.mcu.externaltools.gnu-tools-for-stm32.7-2018-q2-update.win32_1.5.0.202011040924/tools/bin/../lib/gcc/arm-none-eabi/7.3.1/thumb/v7e-m/fpv4-sp/hard\libgcc.a(_aeabi_uldivmod.o)
 .ARM.attributes
                0x0000000000000b8b       0x34 c:/st/stm32cubeide_1.5.1/stm32cubeide/plugins/com.st.stm32cube.ide.mcu.externaltools.gnu-tools-for-stm32.7-2018-q2-update.win32_1.5.0.202011040924/tools/bin/../lib/gcc/arm-none-eabi/7.3.1/thumb/v7e-m/fpv4-sp/hard\libgcc.a(_udivmoddi4.o)
 .ARM.attributes
                0x0000000000000bbf       0x22 c:/st/stm32cubeide_1.5.1/stm32cubeide/plugins/com.st.stm32cube.ide.mcu.externaltools.gnu-tools-for-stm32.7-2018-q2-update.win32_1.5.0.202011040924/tools/bin/../lib/gcc/arm-none-eabi/7.3.1/thumb/v7e-m/fpv4-sp/hard\libgcc.a(_dvmd_tls.o)
 .ARM.attributes
                0x0000000000000be1       0x22 c:/st/stm32cubeide_1.5.1/stm32cubeide/plugins/com.st.stm32cube.ide.mcu.externaltools.gnu-tools-for-stm32.7-2018-q2-update.win32_1.5.0.202011040924/tools/bin/../lib/gcc/arm-none-eabi/7.3.1/thumb/v7e-m/fpv4-sp/hard/crtn.o
OUTPUT(Dev_ui.elf elf32-littlearm)

.debug_info     0x0000000000000000    0x284fd
 .debug_info    0x0000000000000000     0x344b Core/Src/main.o
 .debug_info    0x000000000000344b     0x2796 Core/Src/stm32f7xx_hal_msp.o
 .debug_info    0x0000000000005be1      0xbed Core/Src/stm32f7xx_hal_timebase_tim.o
 .debug_info    0x00000000000067ce      0xe0e Core/Src/stm32f7xx_it.o
 .debug_info    0x00000000000075dc      0x985 Core/Src/sysmem.o
 .debug_info    0x0000000000007f61      0x73d Core/Src/system_stm32f7xx.o
 .debug_info    0x000000000000869e       0x22 Core/Startup/startup_stm32f750n8hx.o
 .debug_info    0x00000000000086c0      0x9d9 Drivers/STM32F7xx_HAL_Driver/stm32f7xx_hal.o
 .debug_info    0x0000000000009099      0xc9d Drivers/STM32F7xx_HAL_Driver/stm32f7xx_hal_adc.o
 .debug_info    0x0000000000009d36      0xaf9 Drivers/STM32F7xx_HAL_Driver/stm32f7xx_hal_adc_ex.o
 .debug_info    0x000000000000a82f     0x1050 Drivers/STM32F7xx_HAL_Driver/stm32f7xx_hal_cortex.o
 .debug_info    0x000000000000b87f      0xa3a Drivers/STM32F7xx_HAL_Driver/stm32f7xx_hal_dac.o
 .debug_info    0x000000000000c2b9      0x7c0 Drivers/STM32F7xx_HAL_Driver/stm32f7xx_hal_dac_ex.o