main.c:162:5:main	304	static
main.c:366:6:SystemClock_Config	216	static
main.c:434:13:MX_ADC1_Init	24	static
main.c:564:13:MX_ADC2_Init	24	static
main.c:638:13:MX_ADC3_Init	24	static
main.c:727:13:MX_DAC_Init	16	static
main.c:771:13:MX_I2C1_Init	8	static
main.c:817:13:MX_I2C2_Init	8	static
main.c:863:13:MX_I2C3_Init	8	static
main.c:909:13:MX_I2C4_Init	8	static
main.c:955:13:MX_RTC_Init	40	static
main.c:1017:13:MX_SPI4_Init	8	static
main.c:1057:13:MX_SPI5_Init	8	static
main.c:1097:13:MX_TIM4_Init	64	static
main.c:1156:13:MX_TIM5_Init	64	static
main.c:1219:13:MX_UART4_Init	8	static
main.c:1254:13:MX_UART5_Init	8	static
main.c:1289:13:MX_UART7_Init	8	static
main.c:1324:13:MX_USB_OTG_FS_PCD_Init	8	static
main.c:1357:13:MX_DMA_Init	16	static
main.c:1385:13:MX_GPIO_Init	72	static
main.c:1525:6:uartTransmitChar	224	static
main.c:1533:6:uartTransmitInt	104	static
main.c:1543:11:readI2CRegister	40	static
main.c:1584:5:writeI2CRegister	64	static
main.c:1611:6:configureLEDDriver	24	static
main.c:1634:6:setErrorLED	48	static
main.c:1741:6:HAL_ADC_ConvCpltCallback	16	static
main.c:1752:6:startHeartbeat	16	static
main.c:1772:6:startADCRead	16	static
main.c:1799:6:GetDaScreenBlink	24	static
main.c:1838:6:HAL_TIM_PeriodElapsedCallback	16	static
main.c:1855:6:Error_Handler	4	static,ignoring_inline_asm
