stm32f7xx_it.c:80:6:NMI_Handler	4	static
stm32f7xx_it.c:95:6:HardFault_Handler	4	static
stm32f7xx_it.c:110:6:MemManage_Handler	4	static
stm32f7xx_it.c:125:6:BusFault_Handler	4	static
stm32f7xx_it.c:140:6:UsageFault_Handler	4	static
stm32f7xx_it.c:155:6:DebugMon_Handler	4	static
stm32f7xx_it.c:175:6:DMA1_Stream0_IRQHandler	8	static
stm32f7xx_it.c:189:6:ADC_IRQHandler	8	static
stm32f7xx_it.c:205:6:TIM6_DAC_IRQHandler	8	static
stm32f7xx_it.c:220:6:DMA2_Stream0_IRQHandler	8	static
stm32f7xx_it.c:235:6:DMA2_Stream1_IRQHandler	8	static
stm32f7xx_it.c:250:6:DMA2_Stream2_IRQHandler	8	static
stm32f7xx_it.c:265:6:SPI4_IRQHandler	8	static
